Component: ARM Compiler 5.06 update 6 (build 750) Tool: armlink [4d35ed]

==============================================================================

Section Cross References

    main.o(i.advertising_start) refers to nrf_log_frontend.o(i.nrf_log_frontend_std_0) for nrf_log_frontend_std_0
    main.o(i.advertising_start) refers to peer_manager.o(i.pm_peers_delete) for pm_peers_delete
    main.o(i.advertising_start) refers to ble_advertising.o(i.ble_advertising_start) for ble_advertising_start
    main.o(i.advertising_start) refers to app_error.o(i.app_error_handler_bare) for app_error_handler_bare
    main.o(i.advertising_start) refers to nrf_log_frontend.o(log_const_data) for m_nrf_log_app_logs_data_const
    main.o(i.advertising_start) refers to main.o(.bss) for .bss
    main.o(i.application_timers_start) refers to app_timer.o(i.app_timer_start) for app_timer_start
    main.o(i.application_timers_start) refers to app_error.o(i.app_error_handler_bare) for app_error_handler_bare
    main.o(i.application_timers_start) refers to main.o(.constdata) for .constdata
    main.o(i.assert_nrf_callback) refers to app_error_handler_keil.o(.emb_text) for app_error_handler
    main.o(i.battery_level_meas_timeout_handler) refers to sensorsim.o(i.sensorsim_measure) for sensorsim_measure
    main.o(i.battery_level_meas_timeout_handler) refers to ble_bas.o(i.ble_bas_battery_level_update) for ble_bas_battery_level_update
    main.o(i.battery_level_meas_timeout_handler) refers to app_error.o(i.app_error_handler_bare) for app_error_handler_bare
    main.o(i.battery_level_meas_timeout_handler) refers to main.o(.bss) for .bss
    main.o(i.battery_level_meas_timeout_handler) refers to main.o(.data) for .data
    main.o(i.ble_evt_handler) refers to nrf_log_frontend.o(i.nrf_log_frontend_std_0) for nrf_log_frontend_std_0
    main.o(i.ble_evt_handler) refers to bsp.o(i.bsp_indication_set) for bsp_indication_set
    main.o(i.ble_evt_handler) refers to app_error.o(i.app_error_handler_bare) for app_error_handler_bare
    main.o(i.ble_evt_handler) refers to nrf_ble_qwr.o(i.nrf_ble_qwr_conn_handle_assign) for nrf_ble_qwr_conn_handle_assign
    main.o(i.ble_evt_handler) refers to nrf_log_frontend.o(i.nrf_log_frontend_std_1) for nrf_log_frontend_std_1
    main.o(i.ble_evt_handler) refers to nrf_log_frontend.o(i.nrf_log_frontend_std_5) for nrf_log_frontend_std_5
    main.o(i.ble_evt_handler) refers to nrf_log_frontend.o(log_const_data) for m_nrf_log_app_logs_data_const
    main.o(i.ble_evt_handler) refers to main.o(.data) for .data
    main.o(i.ble_evt_handler) refers to main.o(.bss) for .bss
    main.o(i.ble_evt_handler) refers to main.o(.conststring) for .conststring
    main.o(i.bsp_event_handler) refers to main.o(i.sleep_mode_enter) for sleep_mode_enter
    main.o(i.bsp_event_handler) refers to app_error.o(i.app_error_handler_bare) for app_error_handler_bare
    main.o(i.bsp_event_handler) refers to ble_advertising.o(i.ble_advertising_restart_without_whitelist) for ble_advertising_restart_without_whitelist
    main.o(i.bsp_event_handler) refers to main.o(.data) for .data
    main.o(i.bsp_event_handler) refers to main.o(.bss) for .bss
    main.o(i.conn_params_error_handler) refers to app_error.o(i.app_error_handler_bare) for app_error_handler_bare
    main.o(i.gap_params_init) refers to app_error.o(i.app_error_handler_bare) for app_error_handler_bare
    main.o(i.gatt_evt_handler) refers to nrf_log_frontend.o(i.nrf_log_frontend_std_2) for nrf_log_frontend_std_2
    main.o(i.gatt_evt_handler) refers to ble_hrs.o(i.ble_hrs_on_gatt_evt) for ble_hrs_on_gatt_evt
    main.o(i.gatt_evt_handler) refers to nrf_log_frontend.o(log_const_data) for m_nrf_log_app_logs_data_const
    main.o(i.gatt_evt_handler) refers to main.o(.bss) for .bss
    main.o(i.heart_rate_meas_timeout_handler) refers to sensorsim.o(i.sensorsim_measure) for sensorsim_measure
    main.o(i.heart_rate_meas_timeout_handler) refers to ble_hrs.o(i.ble_hrs_heart_rate_measurement_send) for ble_hrs_heart_rate_measurement_send
    main.o(i.heart_rate_meas_timeout_handler) refers to app_error.o(i.app_error_handler_bare) for app_error_handler_bare
    main.o(i.heart_rate_meas_timeout_handler) refers to main.o(.bss) for .bss
    main.o(i.heart_rate_meas_timeout_handler) refers to main.o(.data) for .data
    main.o(i.main) refers to nrf_log_frontend.o(i.nrf_log_init) for nrf_log_init
    main.o(i.main) refers to app_error.o(i.app_error_handler_bare) for app_error_handler_bare
    main.o(i.main) refers to nrf_log_default_backends.o(i.nrf_log_default_backends_init) for nrf_log_default_backends_init
    main.o(i.main) refers to main.o(i.timers_init) for timers_init
    main.o(i.main) refers to bsp.o(i.bsp_init) for bsp_init
    main.o(i.main) refers to bsp_btn_ble.o(i.bsp_btn_ble_init) for bsp_btn_ble_init
    main.o(i.main) refers to nrf_pwr_mgmt.o(i.nrf_pwr_mgmt_init) for nrf_pwr_mgmt_init
    main.o(i.main) refers to nrf_sdh.o(i.nrf_sdh_enable_request) for nrf_sdh_enable_request
[...]
    0x0002e134   0x0002e134   0x00000002   Code   RO         1019    i.ble_advertising_on_sys_evt  ble_advertising.o
    0x0002e136   0x0002e136   0x0000003a   Code   RO         1021    i.ble_advertising_restart_without_whitelist  ble_advertising.o
    0x0002e170   0x0002e170   0x0000022c   Code   RO         1022    i.ble_advertising_start  ble_advertising.o
    0x0002e39c   0x0002e39c   0x000000c0   Code   RO         3440    i.ble_bas_battery_level_update  ble_bas.o
    0x0002e45c   0x0002e45c   0x0000003e   Code   RO         3442    i.ble_bas_init      ble_bas.o
    0x0002e49a   0x0002e49a   0x00000052   Code   RO         3443    i.ble_bas_on_ble_evt  ble_bas.o
    0x0002e4ec   0x0002e4ec   0x00000068   Code   RO         1108    i.ble_conn_params_init  ble_conn_params.o
    0x0002e554   0x0002e554   0x0000000c   Code   RO         1182    i.ble_conn_state_conn_handles  ble_conn_state.o
    0x0002e560   0x0002e560   0x00000020   Code   RO         1184    i.ble_conn_state_encrypted  ble_conn_state.o
    0x0002e580   0x0002e580   0x0000002c   Code   RO         1186    i.ble_conn_state_for_each_set_user_flag  ble_conn_state.o
    0x0002e5ac   0x0002e5ac   0x00000020   Code   RO         1188    i.ble_conn_state_mitm_protected  ble_conn_state.o
    0x0002e5cc   0x0002e5cc   0x00000024   Code   RO         1191    i.ble_conn_state_role  ble_conn_state.o
    0x0002e5f0   0x0002e5f0   0x00000024   Code   RO         1192    i.ble_conn_state_status  ble_conn_state.o
    0x0002e614   0x0002e614   0x00000018   Code   RO         1193    i.ble_conn_state_user_flag_acquire  ble_conn_state.o
    0x0002e62c   0x0002e62c   0x00000030   Code   RO         1194    i.ble_conn_state_user_flag_get  ble_conn_state.o
    0x0002e65c   0x0002e65c   0x00000040   Code   RO         1195    i.ble_conn_state_user_flag_set  ble_conn_state.o
    0x0002e69c   0x0002e69c   0x00000014   Code   RO         1196    i.ble_conn_state_valid  ble_conn_state.o
    0x0002e6b0   0x0002e6b0   0x00000060   Code   RO          914    i.ble_device_addr_encode  ble_advdata.o
    0x0002e710   0x0002e710   0x0000013c   Code   RO         3498    i.ble_dis_init      ble_dis.o
    0x0002e84c   0x0002e84c   0x00000144   Code   RO            8    i.ble_evt_handler   main.o
    0x0002e990   0x0002e990   0x00000070   Code   RO          734    i.ble_evt_handler   bsp_btn_ble.o
    0x0002ea00   0x0002ea00   0x000000fc   Code   RO         1110    i.ble_evt_handler   ble_conn_params.o
    0x0002eafc   0x0002eafc   0x00000104   Code   RO         1197    i.ble_evt_handler   ble_conn_state.o
    0x0002ec00   0x0002ec00   0x00000028   Code   RO         2706    i.ble_evt_handler   peer_manager.o
    0x0002ec28   0x0002ec28   0x0000005c   Code   RO         3540    i.ble_hrs_heart_rate_measurement_send  ble_hrs.o
    0x0002ec84   0x0002ec84   0x000000d4   Code   RO         3541    i.ble_hrs_init      ble_hrs.o
    0x0002ed58   0x0002ed58   0x00000050   Code   RO         3542    i.ble_hrs_on_ble_evt  ble_hrs.o
    0x0002eda8   0x0002eda8   0x0000001c   Code   RO         3543    i.ble_hrs_on_gatt_evt  ble_hrs.o
    0x0002edc4   0x0002edc4   0x00000036   Code   RO         3544    i.ble_hrs_rr_interval_add  ble_hrs.o
    0x0002edfa   0x0002edfa   0x00000006   Code   RO         3546    i.ble_hrs_sensor_contact_detected_update  ble_hrs.o
    0x0002ee00   0x0002ee00   0x00000012   Code   RO         1340    i.ble_srv_ascii_to_utf8  ble_srv_common.o
    0x0002ee12   0x0002ee12   0x00000008   Code   RO         1342    i.ble_srv_is_notification_enabled  ble_srv_common.o
    0x0002ee1a   0x0002ee1a   0x0000000c   Code   RO         1343    i.ble_srv_report_ref_encode  ble_srv_common.o
    0x0002ee26   0x0002ee26   0x00000002   PAD
    0x0002ee28   0x0002ee28   0x0000000c   Code   RO          475    i.bsp_board_button_idx_to_pin  boards.o
    0x0002ee34   0x0002ee34   0x00000028   Code   RO          476    i.bsp_board_button_state_get  boards.o
    0x0002ee5c   0x0002ee5c   0x00000054   Code   RO          477    i.bsp_board_init    boards.o
    0x0002eeb0   0x0002eeb0   0x0000002c   Code   RO          479    i.bsp_board_led_invert  boards.o
    0x0002eedc   0x0002eedc   0x00000010   Code   RO          480    i.bsp_board_led_off  boards.o
    0x0002eeec   0x0002eeec   0x00000010   Code   RO          481    i.bsp_board_led_on  boards.o
    0x0002eefc   0x0002eefc   0x00000028   Code   RO          482    i.bsp_board_led_state_get  boards.o
    0x0002ef24   0x0002ef24   0x00000012   Code   RO          483    i.bsp_board_leds_off  boards.o
    0x0002ef36   0x0002ef36   0x00000012   Code   RO          484    i.bsp_board_leds_on  boards.o
    0x0002ef48   0x0002ef48   0x00000024   Code   RO          485    i.bsp_board_pin_to_button_idx  boards.o
    0x0002ef6c   0x0002ef6c   0x00000038   Code   RO          735    i.bsp_btn_ble_init  bsp_btn_ble.o
    0x0002efa4   0x0002efa4   0x0000001e   Code   RO          736    i.bsp_btn_ble_sleep_mode_prepare  bsp_btn_ble.o
    0x0002efc2   0x0002efc2   0x00000002   PAD
    0x0002efc4   0x0002efc4   0x00000090   Code   RO          617    i.bsp_button_event_handler  bsp.o
    0x0002f054   0x0002f054   0x0000000c   Code   RO          618    i.bsp_button_is_pressed  bsp.o
    0x0002f060   0x0002f060   0x0000004c   Code   RO            9    i.bsp_event_handler  main.o
    0x0002f0ac   0x0002f0ac   0x00000044   Code   RO          621    i.bsp_event_to_button_action_assign  bsp.o
    0x0002f0f0   0x0002f0f0   0x00000018   Code   RO          622    i.bsp_indication_set  bsp.o
    0x0002f108   0x0002f108   0x00000094   Code   RO          623    i.bsp_init          bsp.o
    0x0002f19c   0x0002f19c   0x000001c8   Code   RO          624    i.bsp_led_indication  bsp.o
    0x0002f364   0x0002f364   0x00000006   Code   RO          626    i.bsp_wakeup_button_enable  bsp.o
    0x0002f36a   0x0002f36a   0x00000002   PAD
    0x0002f36c   0x0002f36c   0x00000090   Code   RO         8697    i.buf_prealloc      nrf_log_frontend.o
    0x0002f3fc   0x0002f3fc   0x0000002e   Code   RO         7864    i.buffer_add        nrf_fprintf_format.o
    0x0002f42a   0x0002f42a   0x00000002   PAD
    0x0002f42c   0x0002f42c   0x00000014   Code   RO         8698    i.buffer_is_empty   nrf_log_frontend.o
    0x0002f440   0x0002f440   0x00000008   Code   RO          627    i.button_timer_handler  bsp.o
    0x0002f448   0x0002f448   0x00000028   Code   RO         1403    i.car_update_needed  gatt_cache_manager.o
    0x0002f470   0x0002f470   0x00000040   Code   RO         1404    i.car_update_pending_handle  gatt_cache_manager.o
    0x0002f4b0   0x0002f4b0   0x00000028   Code   RO         5073    i.cc310_backend_disable  cc310_backend_shared.o
    0x0002f4d8   0x0002f4d8   0x00000028   Code   RO         5074    i.cc310_backend_enable  cc310_backend_shared.o
    0x0002f500   0x0002f500   0x00000034   Code   RO         4951    i.cc310_backend_init  cc310_backend_init.o
    0x0002f534   0x0002f534   0x0000001c   Code   RO         4500    i.cc310_backend_mutex_trylock  cc310_backend_ecc.o
    0x0002f550   0x0002f550   0x0000001c   Code   RO         4676    i.cc310_backend_mutex_trylock  cc310_backend_ecdh.o
    0x0002f56c   0x0002f56c   0x0000001c   Code   RO         5016    i.cc310_backend_mutex_trylock  cc310_backend_rng.o
    0x0002f588   0x0002f588   0x00000010   Code   RO         4501    i.cc310_backend_mutex_unlock  cc310_backend_ecc.o
    0x0002f598   0x0002f598   0x00000010   Code   RO         4677    i.cc310_backend_mutex_unlock  cc310_backend_ecdh.o
    0x0002f5a8   0x0002f5a8   0x00000010   Code   RO         5017    i.cc310_backend_mutex_unlock  cc310_backend_rng.o
    0x0002f5b8   0x0002f5b8   0x00000024   Code   RO         4952    i.cc310_backend_uninit  cc310_backend_init.o
    0x0002f5dc   0x0002f5dc   0x0000001c   Code   RO         5815    i.channel_free      nrfx_gpiote.o
    0x0002f5f8   0x0002f5f8   0x00000048   Code   RO         5816    i.channel_port_alloc  nrfx_gpiote.o
    0x0002f640   0x0002f640   0x00000010   Code   RO         5817    i.channel_port_get  nrfx_gpiote.o
    0x0002f650   0x0002f650   0x00000060   Code   RO         3499    i.char_add          ble_dis.o
    0x0002f6b0   0x0002f6b0   0x00000190   Code   RO         1344    i.characteristic_add  ble_srv_common.o
    0x0002f840   0x0002f840   0x0000003e   Code   RO         2616    i.claim             peer_id.o
    0x0002f87e   0x0002f87e   0x00000002   PAD
    0x0002f880   0x0002f880   0x00000028   Code   RO         5253    i.clock_clk_started_notify  nrf_drv_clock.o
    0x0002f8a8   0x0002f8a8   0x0000001c   Code   RO         5254    i.clock_irq_handler  nrf_drv_clock.o
    0x0002f8c4   0x0002f8c4   0x000000ac   Code   RO         6811    i.compare_reg_update  app_timer.o
    0x0002f970   0x0002f970   0x000000f8   Code   RO         1930    i.compute_and_give_dhkey  nrf_ble_lesc.o
    0x0002fa68   0x0002fa68   0x0000003e   Code   RO         1198    i.conn_handle_list_get  ble_conn_state.o
    0x0002faa6   0x0002faa6   0x00000088   Code   RO          915    i.conn_int_encode   ble_advdata.o
    0x0002fb2e   0x0002fb2e   0x00000004   Code   RO           10    i.conn_params_error_handler  main.o
    0x0002fb32   0x0002fb32   0x00000002   PAD
    0x0002fb34   0x0002fb34   0x00000048   Code   RO         1111    i.conn_params_negotiation  ble_conn_params.o
    0x0002fb7c   0x0002fb7c   0x00000044   Code   RO         3143    i.conn_sec_failure  security_dispatcher.o
    0x0002fbc0   0x0002fbc0   0x00000004   Code   RO         3007    i.conn_secure       peer_manager_handler.o
    0x0002fbc4   0x0002fbc4   0x000000c0   Code   RO         1828    i.data_length_update  nrf_ble_gatt.o
    0x0002fc84   0x0002fc84   0x00000030   Code   RO         1405    i.db_update_pending_handle  gatt_cache_manager.o
    0x0002fcb4   0x0002fcb4   0x00000080   Code   RO         7064    i.delete_execute    fds.o
    0x0002fd34   0x0002fd34   0x000000aa   Code   RO         1345    i.descriptor_add    ble_srv_common.o
    0x0002fdde   0x0002fdde   0x00000002   PAD
    0x0002fde0   0x0002fde0   0x0000009c   Code   RO         6587    i.detection_delay_timeout_handler  app_button.o
    0x0002fe7c   0x0002fe7c   0x00000014   Code   RO         8699    i.dropped_sat16_get  nrf_log_frontend.o
    0x0002fe90   0x0002fe90   0x00000040   Code   RO         6812    i.elapsed_ticks_acquire  app_timer.o
    0x0002fed0   0x0002fed0   0x0000000a   Code   RO         3144    i.encryption_failure  security_dispatcher.o
    0x0002feda   0x0002feda   0x00000002   PAD
    0x0002fedc   0x0002fedc   0x0000004c   Code   RO         7991    i.erase             nrf_fstorage_sd.o
    0x0002ff28   0x0002ff28   0x00000074   Code   RO         7065    i.event_prepare     fds.o
    0x0002ff9c   0x0002ff9c   0x00000020   Code   RO         7066    i.event_send        fds.o
    0x0002ffbc   0x0002ffbc   0x00000054   Code   RO         7992    i.event_send        nrf_fstorage_sd.o
    0x00030010   0x00030010   0x000000ac   Code   RO         3282    i.events_send_from_err_code  security_manager.o
    0x000300bc   0x000300bc   0x0000001c   Code   RO         1406    i.evt_send          gatt_cache_manager.o
    0x000300d8   0x000300d8   0x0000001c   Code   RO         1567    i.evt_send          gatts_cache_manager.o
    0x000300f4   0x000300f4   0x0000002c   Code   RO         2707    i.evt_send          peer_manager.o
    0x00030120   0x00030120   0x0000001c   Code   RO         3145    i.evt_send          security_dispatcher.o
    0x0003013c   0x0003013c   0x0000000c   Code   RO         3283    i.evt_send          security_manager.o
    0x00030148   0x00030148   0x000000ec   Code   RO         2357    i.fds_evt_handler   peer_data_storage.o
    0x00030234   0x00030234   0x00000044   Code   RO         7068    i.fds_file_delete   fds.o
    0x00030278   0x00030278   0x0000003c   Code   RO         7069    i.fds_gc            fds.o
    0x000302b4   0x000302b4   0x000000e0   Code   RO         7070    i.fds_init          fds.o
    0x00030394   0x00030394   0x00000040   Code   RO         7071    i.fds_record_close  fds.o
    0x000303d4   0x000303d4   0x0000000e   Code   RO         7073    i.fds_record_find   fds.o
    0x000303e2   0x000303e2   0x00000010   Code   RO         7074    i.fds_record_find_by_key  fds.o
    0x000303f2   0x000303f2   0x00000010   Code   RO         7075    i.fds_record_find_in_file  fds.o
    0x00030402   0x00030402   0x00000010   Code   RO         7076    i.fds_record_id_from_desc  fds.o
    0x00030412   0x00030412   0x00000002   PAD
    0x00030414   0x00030414   0x00000048   Code   RO         7078    i.fds_record_open   fds.o
    0x0003045c   0x0003045c   0x0000000e   Code   RO         7079    i.fds_record_update  fds.o
    0x0003046a   0x0003046a   0x00000008   Code   RO         7080    i.fds_record_write  fds.o
    0x00030472   0x00030472   0x00000002   PAD
    0x00030474   0x00030474   0x0000002c   Code   RO         7082    i.fds_register      fds.o
    0x000304a0   0x000304a0   0x00000014   Code   RO         2358    i.file_id_within_pm_range  peer_data_storage.o
    0x000304b4   0x000304b4   0x00000012   Code   RO         3146    i.flag_id_init      security_dispatcher.o
    0x000304c6   0x000304c6   0x00000012   Code   RO         3284    i.flag_id_init      security_manager.o
    0x000304d8   0x000304d8   0x00000028   Code   RO         1024    i.flags_set         ble_advertising.o
    0x00030500   0x00030500   0x00000030   Code   RO         3285    i.flags_set_from_err_code  security_manager.o
    0x00030530   0x00030530   0x00000030   Code   RO         1199    i.for_each_set_flag  ble_conn_state.o
    0x00030560   0x00030560   0x00000006   Code   RO         7086    i.fs_event_handler  fds.o
    0x00030566   0x00030566   0x00000002   PAD
    0x00030568   0x00030568   0x0000006c   Code   RO           11    i.gap_params_init   main.o
    0x000305d4   0x000305d4   0x00000070   Code   RO           12    i.gatt_evt_handler  main.o
    0x00030644   0x00030644   0x0000007c   Code   RO         7087    i.gc_execute        fds.o
    0x000306c0   0x000306c0   0x0000004c   Code   RO         7088    i.gc_next_page      fds.o
    0x0003070c   0x0003070c   0x00000040   Code   RO         7089    i.gc_page_erase     fds.o
    0x0003074c   0x0003074c   0x00000034   Code   RO         7090    i.gc_record_copy    fds.o
    0x00030780   0x00030780   0x00000024   Code   RO         7091    i.gc_record_find_next  fds.o
    0x000307a4   0x000307a4   0x00000088   Code   RO         7092    i.gc_state_advance  fds.o
    0x0003082c   0x0003082c   0x00000230   Code   RO         1407    i.gcm_ble_evt_handler  gatt_cache_manager.o
    0x00030a5c   0x00030a5c   0x0000003c   Code   RO         1408    i.gcm_im_evt_handler  gatt_cache_manager.o
    0x00030a98   0x00030a98   0x00000094   Code   RO         1409    i.gcm_init          gatt_cache_manager.o
    0x00030b2c   0x00030b2c   0x00000088   Code   RO         1412    i.gcm_pdb_evt_handler  gatt_cache_manager.o
    0x00030bb4   0x00030bb4   0x00000068   Code   RO         4154    i.generate          nrf_crypto_rng.o
    0x00030c1c   0x00030c1c   0x00000006   Code   RO         4502    i.get_domain        cc310_backend_ecc.o
    0x00030c22   0x00030c22   0x00000002   PAD
    0x00030c24   0x00030c24   0x00000084   Code   RO         6588    i.gpiote_event_handler  app_button.o
    0x00030ca8   0x00030ca8   0x0000001c   Code   RO         1568    i.gscm_db_change_notification_done  gatts_cache_manager.o
    0x00030cc4   0x00030cc4   0x00000014   Code   RO         1569    i.gscm_init         gatts_cache_manager.o
    0x00030cd8   0x00030cd8   0x00000090   Code   RO         1571    i.gscm_local_db_cache_apply  gatts_cache_manager.o
    0x00030d68   0x00030d68   0x000000ac   Code   RO         1572    i.gscm_local_db_cache_update  gatts_cache_manager.o
    0x00030e14   0x00030e14   0x00000018   Code   RO         1573    i.gscm_pdb_evt_handler  gatts_cache_manager.o
    0x00030e2c   0x00030e2c   0x0000001e   Code   RO         1574    i.gscm_service_changed_ind_needed  gatts_cache_manager.o
    0x00030e4a   0x00030e4a   0x00000002   PAD
    0x00030e4c   0x00030e4c   0x0000005c   Code   RO         1575    i.gscm_service_changed_ind_send  gatts_cache_manager.o
    0x00030ea8   0x00030ea8   0x00000026   Code   RO         7093    i.header_check      fds.o
    0x00030ece   0x00030ece   0x00000012   Code   RO         7094    i.header_has_next   fds.o
    0x00030ee0   0x00030ee0   0x00000058   Code   RO           13    i.heart_rate_meas_timeout_handler  main.o
    0x00030f38   0x00030f38   0x00000098   Code   RO         3548    i.hrm_encode        ble_hrs.o
    0x00030fd0   0x00030fd0   0x00000046   Code   RO         1664    i.im_address_resolve  id_manager.o
    0x00031016   0x00031016   0x00000002   PAD
    0x00031018   0x00031018   0x00000038   Code   RO         1665    i.im_ble_addr_get   id_manager.o
    0x00031050   0x00031050   0x000000dc   Code   RO         1666    i.im_ble_evt_handler  id_manager.o
    0x0003112c   0x0003112c   0x00000040   Code   RO         1667    i.im_conn_handle_get  id_manager.o
    0x0003116c   0x0003116c   0x00000038   Code   RO         1669    i.im_find_duplicate_bonding_data  id_manager.o
    0x000311a4   0x000311a4   0x00000072   Code   RO         1672    i.im_is_duplicate_bonding_data  id_manager.o
    0x00031216   0x00031216   0x00000018   Code   RO         1673    i.im_master_id_is_valid  id_manager.o
    0x0003122e   0x0003122e   0x0000002a   Code   RO         1674    i.im_master_ids_compare  id_manager.o
    0x00031258   0x00031258   0x00000014   Code   RO         1675    i.im_new_peer_id    id_manager.o
    0x0003126c   0x0003126c   0x0000002c   Code   RO         1676    i.im_peer_free      id_manager.o
    0x00031298   0x00031298   0x00000024   Code   RO         1677    i.im_peer_id_get_by_conn_handle  id_manager.o
    0x000312bc   0x000312bc   0x0000003c   Code   RO         1678    i.im_peer_id_get_by_master_id  id_manager.o
    0x000312f8   0x000312f8   0x00000034   Code   RO         7993    i.init              nrf_fstorage_sd.o
    0x0003132c   0x0003132c   0x000000c8   Code   RO         7095    i.init_execute      fds.o
    0x000313f4   0x000313f4   0x00000014   Code   RO         1112    i.instance_get      ble_conn_params.o
    0x00031408   0x00031408   0x000000a6   Code   RO         7865    i.int_print         nrf_fprintf_format.o
    0x000314ae   0x000314ae   0x00000002   PAD
    0x000314b0   0x000314b0   0x0000007c   Code   RO         6419    i.interrupts_enable  nrfx_uarte.o
    0x0003152c   0x0003152c   0x00000034   Code   RO         8700    i.invalid_packets_omit  nrf_log_frontend.o
    0x00031560   0x00031560   0x00000010   Code   RO         7994    i.is_busy           nrf_fstorage_sd.o
    0x00031570   0x00031570   0x00000044   Code   RO         1113    i.is_conn_params_ok  ble_conn_params.o
    0x000315b4   0x000315b4   0x00000014   Code   RO         1683    i.is_valid_irk      id_manager.o
    0x000315c8   0x000315c8   0x0000000c   Code   RO         7096    i.is_word_aligned   fds.o
    0x000315d4   0x000315d4   0x00000030   Code   RO          628    i.leds_off          bsp.o
    0x00031604   0x00031604   0x00000014   Code   RO          629    i.leds_timer_handler  bsp.o
    0x00031618   0x00031618   0x00000018   Code   RO         1829    i.link_init         nrf_ble_gatt.o
    0x00031630   0x00031630   0x000000d0   Code   RO         3286    i.link_secure       security_manager.o
    0x00031700   0x00031700   0x0000003c   Code   RO         3147    i.link_secure_failure  security_dispatcher.o
    0x0003173c   0x0003173c   0x0000002c   Code   RO         3287    i.link_secure_pending_handle  security_manager.o
    0x00031768   0x00031768   0x000000f8   Code   RO         6813    i.list_insertions_handler  app_timer.o
    0x00031860   0x00031860   0x000000a8   Code   RO         1413    i.local_db_apply_in_evt  gatt_cache_manager.o
    0x00031908   0x00031908   0x00000010   Code   RO         1414    i.local_db_update   gatt_cache_manager.o
    0x00031918   0x00031918   0x0000010c   Code   RO         1415    i.local_db_update_in_evt  gatt_cache_manager.o
    0x00031a24   0x00031a24   0x0000009c   Code   RO         8701    i.log_skip          nrf_log_frontend.o
    0x00031ac0   0x00031ac0   0x000001a4   Code   RO           14    i.main              main.o
    0x00031c64   0x00031c64   0x00000064   Code   RO          916    i.manuf_specific_data_encode  ble_advdata.o
    0x00031cc8   0x00031cc8   0x0000007e   Code   RO         8103    i.memobj_op         nrf_memobj.o
    0x00031d46   0x00031d46   0x00000002   PAD
    0x00031d48   0x00031d48   0x00000030   Code   RO         8702    i.module_idx_get    nrf_log_frontend.o
    0x00031d78   0x00031d78   0x00000008   Code   RO         3094    i.mutex_lock_status_get  pm_buffer.o
    0x00031d80   0x00031d80   0x000000a6   Code   RO          917    i.name_encode       ble_advdata.o
    0x00031e26   0x00031e26   0x00000002   PAD
    0x00031e28   0x00031e28   0x00000014   Code   RO         3288    i.new_context_get   security_manager.o
    0x00031e3c   0x00031e3c   0x00000030   Code   RO         2617    i.next_id_get       peer_id.o
    0x00031e6c   0x00031e6c   0x00000010   Code   RO         7518    i.nrf_atfifo_clear  nrf_atfifo.o
    0x00031e7c   0x00031e7c   0x00000026   Code   RO         7520    i.nrf_atfifo_init   nrf_atfifo.o
    0x00031ea2   0x00031ea2   0x00000016   Code   RO         7521    i.nrf_atfifo_item_alloc  nrf_atfifo.o
    0x00031eb8   0x00031eb8   0x00000016   Code   RO         7522    i.nrf_atfifo_item_free  nrf_atfifo.o
    0x00031ece   0x00031ece   0x00000016   Code   RO         7523    i.nrf_atfifo_item_get  nrf_atfifo.o
    0x00031ee4   0x00031ee4   0x00000016   Code   RO         7524    i.nrf_atfifo_item_put  nrf_atfifo.o
    0x00031efa   0x00031efa   0x00000016   Code   RO         7586    i.nrf_atflags_clear  nrf_atflags.o
    0x00031f10   0x00031f10   0x00000020   Code   RO         7588    i.nrf_atflags_fetch_set  nrf_atflags.o
    0x00031f30   0x00031f30   0x0000004a   Code   RO         7590    i.nrf_atflags_find_and_set_flag  nrf_atflags.o
    0x00031f7a   0x00031f7a   0x00000016   Code   RO         7591    i.nrf_atflags_get   nrf_atflags.o
    0x00031f90   0x00031f90   0x00000014   Code   RO         7593    i.nrf_atflags_set   nrf_atflags.o
    0x00031fa4   0x00031fa4   0x00000006   Code   RO         7654    i.nrf_atomic_flag_clear_fetch  nrf_atomic.o
    0x00031faa   0x00031faa   0x00000006   Code   RO         7655    i.nrf_atomic_flag_set  nrf_atomic.o
    0x00031fb0   0x00031fb0   0x00000006   Code   RO         7656    i.nrf_atomic_flag_set_fetch  nrf_atomic.o
    0x00031fb6   0x00031fb6   0x0000000c   Code   RO         7657    i.nrf_atomic_u32_add  nrf_atomic.o
    0x00031fc2   0x00031fc2   0x0000000c   Code   RO         7658    i.nrf_atomic_u32_and  nrf_atomic.o
    0x00031fce   0x00031fce   0x0000000a   Code   RO         7660    i.nrf_atomic_u32_fetch_add  nrf_atomic.o
    0x00031fd8   0x00031fd8   0x0000000a   Code   RO         7661    i.nrf_atomic_u32_fetch_and  nrf_atomic.o
    0x00031fe2   0x00031fe2   0x0000000a   Code   RO         7662    i.nrf_atomic_u32_fetch_or  nrf_atomic.o
    0x00031fec   0x00031fec   0x0000000a   Code   RO         7663    i.nrf_atomic_u32_fetch_store  nrf_atomic.o
    0x00031ff6   0x00031ff6   0x0000000c   Code   RO         7667    i.nrf_atomic_u32_or  nrf_atomic.o
    0x00032002   0x00032002   0x0000000c   Code   RO         7669    i.nrf_atomic_u32_sub  nrf_atomic.o
    0x0003200e   0x0003200e   0x00000044   Code   RO         7788    i.nrf_balloc_alloc  nrf_balloc.o
    0x00032052   0x00032052   0x00000030   Code   RO         7789    i.nrf_balloc_free   nrf_balloc.o
    0x00032082   0x00032082   0x00000030   Code   RO         7790    i.nrf_balloc_init   nrf_balloc.o
    0x000320b2   0x000320b2   0x00000010   Code   RO         5818    i.nrf_bitmask_bit_is_set  nrfx_gpiote.o
    0x000320c2   0x000320c2   0x00000014   Code   RO         5819    i.nrf_bitmask_bit_set  nrfx_gpiote.o
    0x000320d6   0x000320d6   0x00000022   Code   RO         1835    i.nrf_ble_gatt_init  nrf_ble_gatt.o
    0x000320f8   0x000320f8   0x00000150   Code   RO         1836    i.nrf_ble_gatt_on_ble_evt  nrf_ble_gatt.o
    0x00032248   0x00032248   0x00000078   Code   RO         1931    i.nrf_ble_lesc_init  nrf_ble_lesc.o
    0x000322c0   0x000322c0   0x00000148   Code   RO         1932    i.nrf_ble_lesc_keypair_generate  nrf_ble_lesc.o
    0x00032408   0x00032408   0x000000c8   Code   RO         1933    i.nrf_ble_lesc_on_ble_evt  nrf_ble_lesc.o
    0x000324d0   0x000324d0   0x0000003c   Code   RO         1937    i.nrf_ble_lesc_public_key_get  nrf_ble_lesc.o
    0x0003250c   0x0003250c   0x00000050   Code   RO         1938    i.nrf_ble_lesc_request_handler  nrf_ble_lesc.o
    0x0003255c   0x0003255c   0x00000016   Code   RO         2316    i.nrf_ble_qwr_conn_handle_assign  nrf_ble_qwr.o
    0x00032572   0x00032572   0x00000024   Code   RO         2317    i.nrf_ble_qwr_init  nrf_ble_qwr.o
    0x00032596   0x00032596   0x000000b6   Code   RO         2318    i.nrf_ble_qwr_on_ble_evt  nrf_ble_qwr.o
    0x0003264c   0x0003264c   0x0000000e   Code   RO         5677    i.nrf_clock_event_check  nrfx_clock.o
    0x0003265a   0x0003265a   0x00000010   Code   RO         5678    i.nrf_clock_event_clear  nrfx_clock.o
    0x0003266a   0x0003266a   0x00000052   Code   RO         4678    i.nrf_crypto_backend_cc310_curve25519_ecdh_compute  cc310_backend_ecdh.o
    0x000326bc   0x000326bc   0x0000000e   Code   RO         4503    i.nrf_crypto_backend_cc310_curve25519_key_from_raw  cc310_backend_ecc.o
    0x000326ca   0x000326ca   0x00000002   PAD
    0x000326cc   0x000326cc   0x00000050   Code   RO         4504    i.nrf_crypto_backend_cc310_curve25519_key_pair_generate  cc310_backend_ecc.o
    0x0003271c   0x0003271c   0x00000014   Code   RO         4505    i.nrf_crypto_backend_cc310_curve25519_key_to_raw  cc310_backend_ecc.o
    0x00032730   0x00032730   0x00000030   Code   RO         4506    i.nrf_crypto_backend_cc310_ecc_error_convert  cc310_backend_ecc.o
    0x00032760   0x00032760   0x00000080   Code   RO         4507    i.nrf_crypto_backend_cc310_ecc_public_key_convert  cc310_backend_ecc.o
    0x000327e0   0x000327e0   0x00000086   Code   RO         4679    i.nrf_crypto_backend_cc310_ecdh_compute  cc310_backend_ecdh.o
    0x00032866   0x00032866   0x00000002   PAD
    0x00032868   0x00032868   0x00000054   Code   RO         4508    i.nrf_crypto_backend_cc310_ed25519_key_pair_generate  cc310_backend_ecc.o
    0x000328bc   0x000328bc   0x0000006a   Code   RO         4509    i.nrf_crypto_backend_cc310_ed25519_private_key_from_raw  cc310_backend_ecc.o
    0x00032926   0x00032926   0x00000014   Code   RO         4510    i.nrf_crypto_backend_cc310_ed25519_private_key_to_raw  cc310_backend_ecc.o
    0x0003293a   0x0003293a   0x00000012   Code   RO         4511    i.nrf_crypto_backend_cc310_ed25519_public_key_calculate  cc310_backend_ecc.o
    0x0003294c   0x0003294c   0x0000000e   Code   RO         4512    i.nrf_crypto_backend_cc310_ed25519_public_key_from_raw  cc310_backend_ecc.o
    0x0003295a   0x0003295a   0x00000014   Code   RO         4513    i.nrf_crypto_backend_cc310_ed25519_public_key_to_raw  cc310_backend_ecc.o
    0x0003296e   0x0003296e   0x00000002   PAD
    0x00032970   0x00032970   0x00000058   Code   RO         4514    i.nrf_crypto_backend_cc310_key_pair_generate  cc310_backend_ecc.o
    0x000329c8   0x000329c8   0x0000003e   Code   RO         4515    i.nrf_crypto_backend_cc310_private_key_from_raw  cc310_backend_ecc.o
    0x00032a06   0x00032a06   0x00000024   Code   RO         4516    i.nrf_crypto_backend_cc310_private_key_to_raw  cc310_backend_ecc.o
    0x00032a2a   0x00032a2a   0x00000016   Code   RO         4517    i.nrf_crypto_backend_cc310_public_key_from_raw  cc310_backend_ecc.o
    0x00032a40   0x00032a40   0x0000006e   Code   RO         4518    i.nrf_crypto_backend_cc310_public_key_to_raw  cc310_backend_ecc.o
    0x00032aae   0x00032aae   0x00000002   PAD
    0x00032ab0   0x00032ab0   0x00000024   Code   RO         5075    i.nrf_crypto_backend_cc310_rng  cc310_backend_shared.o
    0x00032ad4   0x00032ad4   0x00000048   Code   RO         3761    i.nrf_crypto_ecc_byte_order_invert  nrf_crypto_ecc.o
    0x00032b1c   0x00032b1c   0x00000088   Code   RO         3763    i.nrf_crypto_ecc_key_pair_generate  nrf_crypto_ecc.o
    0x00032ba4   0x00032ba4   0x00000048   Code   RO         3769    i.nrf_crypto_ecc_public_key_from_raw  nrf_crypto_ecc.o
    0x00032bec   0x00032bec   0x00000044   Code   RO         3770    i.nrf_crypto_ecc_public_key_to_raw  nrf_crypto_ecc.o
    0x00032c30   0x00032c30   0x000000a0   Code   RO         3862    i.nrf_crypto_ecdh_compute  nrf_crypto_ecdh.o
    0x00032cd0   0x00032cd0   0x00000040   Code   RO         4109    i.nrf_crypto_init   nrf_crypto_init.o
    0x00032d10   0x00032d10   0x00000018   Code   RO         3771    i.nrf_crypto_internal_ecc_key_input_check  nrf_crypto_ecc.o
    0x00032d28   0x00032d28   0x0000001a   Code   RO         3772    i.nrf_crypto_internal_ecc_key_output_prepare  nrf_crypto_ecc.o
    0x00032d42   0x00032d42   0x00000016   Code   RO         3773    i.nrf_crypto_internal_ecc_raw_input_check  nrf_crypto_ecc.o
    0x00032d58   0x00032d58   0x0000001c   Code   RO         3774    i.nrf_crypto_internal_ecc_raw_output_prepare  nrf_crypto_ecc.o
    0x00032d74   0x00032d74   0x0000001c   Code   RO         4111    i.nrf_crypto_is_initializing  nrf_crypto_init.o
    0x00032d90   0x00032d90   0x00000040   Code   RO         5018    i.nrf_crypto_rng_backend_init  cc310_backend_rng.o
    0x00032dd0   0x00032dd0   0x00000062   Code   RO         5019    i.nrf_crypto_rng_backend_reseed  cc310_backend_rng.o
    0x00032e32   0x00032e32   0x00000044   Code   RO         5021    i.nrf_crypto_rng_backend_vector_generate  cc310_backend_rng.o
    0x00032e76   0x00032e76   0x00000002   PAD
    0x00032e78   0x00032e78   0x000000b4   Code   RO         4157    i.nrf_crypto_rng_init  nrf_crypto_rng.o
    0x00032f2c   0x00032f2c   0x00000098   Code   RO         4158    i.nrf_crypto_rng_reseed  nrf_crypto_rng.o
    0x00032fc4   0x00032fc4   0x00000006   Code   RO         4160    i.nrf_crypto_rng_vector_generate  nrf_crypto_rng.o
    0x00032fca   0x00032fca   0x00000006   Code   RO         4163    i.nrf_crypto_rng_vector_generate_no_mutex  nrf_crypto_rng.o
    0x00032fd0   0x00032fd0   0x00000038   Code   RO         5261    i.nrf_drv_clock_init  nrf_drv_clock.o
    0x00033008   0x00033008   0x00000030   Code   RO         5265    i.nrf_drv_clock_lfclk_release  nrf_drv_clock.o
    0x00033038   0x00033038   0x00000068   Code   RO         5485    i.nrf_drv_uart_init  nrf_drv_uart.o
    0x000330a0   0x000330a0   0x0000001a   Code   RO         7825    i.nrf_fprintf       nrf_fprintf.o
    0x000330ba   0x000330ba   0x00000018   Code   RO         7826    i.nrf_fprintf_buffer_flush  nrf_fprintf.o
    0x000330d2   0x000330d2   0x000001da   Code   RO         7866    i.nrf_fprintf_fmt   nrf_fprintf_format.o
    0x000332ac   0x000332ac   0x00000138   Code   RO         7906    i.nrf_fstorage_erase  nrf_fstorage.o
    0x000333e4   0x000333e4   0x00000094   Code   RO         7907    i.nrf_fstorage_init  nrf_fstorage.o
    0x00033478   0x00033478   0x00000018   Code   RO         7995    i.nrf_fstorage_sdh_req_handler  nrf_fstorage_sd.o
    0x00033490   0x00033490   0x00000020   Code   RO         7996    i.nrf_fstorage_sdh_state_handler  nrf_fstorage_sd.o
    0x000334b0   0x000334b0   0x000000a4   Code   RO         7997    i.nrf_fstorage_sys_evt_handler  nrf_fstorage_sd.o
    0x00033554   0x00033554   0x000001dc   Code   RO         7913    i.nrf_fstorage_write  nrf_fstorage.o
    0x00033730   0x00033730   0x00000032   Code   RO          487    i.nrf_gpio_cfg      boards.o
    0x00033762   0x00033762   0x00000032   Code   RO         5820    i.nrf_gpio_cfg      nrfx_gpiote.o
    0x00033794   0x00033794   0x00000032   Code   RO         6224    i.nrf_gpio_cfg      nrfx_uart.o
    0x000337c6   0x000337c6   0x00000032   Code   RO         6420    i.nrf_gpio_cfg      nrfx_uarte.o
    0x000337f8   0x000337f8   0x00000012   Code   RO         6225    i.nrf_gpio_cfg_default  nrfx_uart.o
    0x0003380a   0x0003380a   0x00000012   Code   RO         6421    i.nrf_gpio_cfg_default  nrfx_uarte.o
    0x0003381c   0x0003381c   0x00000012   Code   RO         6226    i.nrf_gpio_cfg_input  nrfx_uart.o
    0x0003382e   0x0003382e   0x00000012   Code   RO         6422    i.nrf_gpio_cfg_input  nrfx_uarte.o
    0x00033840   0x00033840   0x00000014   Code   RO         6227    i.nrf_gpio_cfg_output  nrfx_uart.o
    0x00033854   0x00033854   0x00000014   Code   RO         6423    i.nrf_gpio_cfg_output  nrfx_uarte.o
    0x00033868   0x00033868   0x00000030   Code   RO         5822    i.nrf_gpio_cfg_sense_set  nrfx_gpiote.o
    0x00033898   0x00033898   0x0000001c   Code   RO          488    i.nrf_gpio_pin_port_decode  boards.o
    0x000338b4   0x000338b4   0x0000001c   Code   RO         5824    i.nrf_gpio_pin_port_decode  nrfx_gpiote.o
    0x000338d0   0x000338d0   0x0000001c   Code   RO         6228    i.nrf_gpio_pin_port_decode  nrfx_uart.o
    0x000338ec   0x000338ec   0x0000001c   Code   RO         6424    i.nrf_gpio_pin_port_decode  nrfx_uarte.o
    0x00033908   0x00033908   0x00000016   Code   RO         5825    i.nrf_gpio_pin_read  nrfx_gpiote.o
    0x0003391e   0x0003391e   0x00000014   Code   RO         6229    i.nrf_gpio_pin_set  nrfx_uart.o
    0x00033932   0x00033932   0x00000014   Code   RO         6425    i.nrf_gpio_pin_set  nrfx_uarte.o
    0x00033946   0x00033946   0x00000026   Code   RO          489    i.nrf_gpio_pin_write  boards.o
    0x0003396c   0x0003396c   0x0000002c   Code   RO         5827    i.nrf_gpio_ports_read  nrfx_gpiote.o
    0x00033998   0x00033998   0x00000014   Code   RO         5828    i.nrf_gpiote_event_clear  nrfx_gpiote.o
    0x000339ac   0x000339ac   0x00000010   Code   RO         5829    i.nrf_gpiote_event_is_set  nrfx_gpiote.o
    0x000339bc   0x000339bc   0x0000005c   Code   RO         8703    i.nrf_log_backend_add  nrf_log_frontend.o
    0x00033a18   0x00033a18   0x000000c8   Code   RO         8542    i.nrf_log_backend_serial_put  nrf_log_backend_serial.o
    0x00033ae0   0x00033ae0   0x00000002   Code   RO         8582    i.nrf_log_backend_uart_flush  nrf_log_backend_uart.o
    0x00033ae2   0x00033ae2   0x00000006   Code   RO         8583    i.nrf_log_backend_uart_init  nrf_log_backend_uart.o
    0x00033ae8   0x00033ae8   0x0000002c   Code   RO         8584    i.nrf_log_backend_uart_panic_set  nrf_log_backend_uart.o
    0x00033b14   0x00033b14   0x00000018   Code   RO         8585    i.nrf_log_backend_uart_put  nrf_log_backend_uart.o
    0x00033b2c   0x00033b2c   0x00000030   Code   RO         8705    i.nrf_log_color_id_get  nrf_log_frontend.o
    0x00033b5c   0x00033b5c   0x0000001c   Code   RO         8661    i.nrf_log_default_backends_init  nrf_log_default_backends.o
    0x00033b78   0x00033b78   0x00000234   Code   RO         8706    i.nrf_log_frontend_dequeue  nrf_log_frontend.o
    0x00033dac   0x00033dac   0x00000008   Code   RO         8708    i.nrf_log_frontend_std_0  nrf_log_frontend.o
    0x00033db4   0x00033db4   0x0000000e   Code   RO         8709    i.nrf_log_frontend_std_1  nrf_log_frontend.o
    0x00033dc2   0x00033dc2   0x00000010   Code   RO         8710    i.nrf_log_frontend_std_2  nrf_log_frontend.o
    0x00033dd2   0x00033dd2   0x00000012   Code   RO         8711    i.nrf_log_frontend_std_3  nrf_log_frontend.o
    0x00033de4   0x00033de4   0x00000014   Code   RO         8712    i.nrf_log_frontend_std_4  nrf_log_frontend.o
    0x00033df8   0x00033df8   0x0000001c   Code   RO         8713    i.nrf_log_frontend_std_5  nrf_log_frontend.o
    0x00033e14   0x00033e14   0x000000b0   Code   RO         8883    i.nrf_log_hexdump_entry_process  nrf_log_str_formatter.o
    0x00033ec4   0x00033ec4   0x0000003c   Code   RO         8715    i.nrf_log_init      nrf_log_frontend.o
    0x00033f00   0x00033f00   0x00000014   Code   RO         8716    i.nrf_log_module_cnt_get  nrf_log_frontend.o
    0x00033f14   0x00033f14   0x0000001c   Code   RO         8719    i.nrf_log_module_name_get  nrf_log_frontend.o
    0x00033f30   0x00033f30   0x0000002c   Code   RO         8720    i.nrf_log_panic     nrf_log_frontend.o
    0x00033f5c   0x00033f5c   0x000000b6   Code   RO         8884    i.nrf_log_std_entry_process  nrf_log_str_formatter.o
    0x00034012   0x00034012   0x00000060   Code   RO         8104    i.nrf_memobj_alloc  nrf_memobj.o
    0x00034072   0x00034072   0x00000032   Code   RO         8105    i.nrf_memobj_free   nrf_memobj.o
    0x000340a4   0x000340a4   0x00000008   Code   RO         8106    i.nrf_memobj_get    nrf_memobj.o
    0x000340ac   0x000340ac   0x00000004   Code   RO         8107    i.nrf_memobj_pool_init  nrf_memobj.o
    0x000340b0   0x000340b0   0x0000001e   Code   RO         8108    i.nrf_memobj_put    nrf_memobj.o
    0x000340ce   0x000340ce   0x00000010   Code   RO         8109    i.nrf_memobj_read   nrf_memobj.o
    0x000340de   0x000340de   0x00000010   Code   RO         8110    i.nrf_memobj_write  nrf_memobj.o
    0x000340ee   0x000340ee   0x00000002   PAD
    0x000340f0   0x000340f0   0x00000028   Code   RO         8182    i.nrf_pwr_mgmt_init  nrf_pwr_mgmt.o
    0x00034118   0x00034118   0x00000044   Code   RO         8183    i.nrf_pwr_mgmt_run  nrf_pwr_mgmt.o
    0x0003415c   0x0003415c   0x0000001e   Code   RO         8255    i.nrf_queue_is_full  nrf_queue.o
    0x0003417a   0x0003417a   0x0000000e   Code   RO         8258    i.nrf_queue_next_idx  nrf_queue.o
    0x00034188   0x00034188   0x000000b2   Code   RO         8260    i.nrf_queue_push    nrf_queue.o
    0x0003423a   0x0003423a   0x00000004   Code   RO           15    i.nrf_qwr_error_handler  main.o
    0x0003423e   0x0003423e   0x0000001c   Code   RO         8369    i.nrf_ringbuf_init  nrf_ringbuf.o
    0x0003425a   0x0003425a   0x00000002   PAD
    0x0003425c   0x0003425c   0x00000014   Code   RO         9418    i.nrf_sdh_ble_app_ram_start_get  nrf_sdh_ble.o
    0x00034270   0x00034270   0x00000134   Code   RO         9419    i.nrf_sdh_ble_default_cfg_set  nrf_sdh_ble.o
    0x000343a4   0x000343a4   0x00000130   Code   RO         9420    i.nrf_sdh_ble_enable  nrf_sdh_ble.o
    0x000344d4   0x000344d4   0x00000060   Code   RO         9421    i.nrf_sdh_ble_evts_poll  nrf_sdh_ble.o
    0x00034534   0x00034534   0x00000054   Code   RO         9299    i.nrf_sdh_disable_request  nrf_sdh.o
    0x00034588   0x00034588   0x00000074   Code   RO         9300    i.nrf_sdh_enable_request  nrf_sdh.o
    0x000345fc   0x000345fc   0x00000024   Code   RO         9301    i.nrf_sdh_evts_poll  nrf_sdh.o
    0x00034620   0x00034620   0x0000000c   Code   RO         9302    i.nrf_sdh_is_enabled  nrf_sdh.o
    0x0003462c   0x0003462c   0x0000001c   Code   RO         9304    i.nrf_sdh_request_continue  nrf_sdh.o
    0x00034648   0x00034648   0x0000003c   Code   RO         9472    i.nrf_sdh_soc_evts_poll  nrf_sdh_soc.o
    0x00034684   0x00034684   0x0000000a   Code   RO         8427    i.nrf_section_iter_init  nrf_section_iter.o
    0x0003468e   0x0003468e   0x00000024   Code   RO         8428    i.nrf_section_iter_item_set  nrf_section_iter.o
    0x000346b2   0x000346b2   0x00000020   Code   RO         8429    i.nrf_section_iter_next  nrf_section_iter.o
    0x000346d2   0x000346d2   0x00000002   PAD
    0x000346d4   0x000346d4   0x00000014   Code   RO         4164    i.nrf_stack_info_overflowed  nrf_crypto_rng.o
    0x000346e8   0x000346e8   0x00000038   Code   RO         8462    i.nrf_strerror_find  nrf_strerror.o
    0x00034720   0x00034720   0x00000014   Code   RO         8463    i.nrf_strerror_get  nrf_strerror.o
    0x00034734   0x00034734   0x0000000a   Code   RO         6230    i.nrf_uart_event_check  nrfx_uart.o
    0x0003473e   0x0003473e   0x0000000c   Code   RO         6231    i.nrf_uart_event_clear  nrfx_uart.o
    0x0003474a   0x0003474a   0x0000000c   Code   RO         6232    i.nrf_uart_int_enable_check  nrfx_uart.o
    0x00034756   0x00034756   0x0000000a   Code   RO         6426    i.nrf_uarte_event_check  nrfx_uarte.o
    0x00034760   0x00034760   0x0000000c   Code   RO         6427    i.nrf_uarte_event_clear  nrfx_uarte.o
    0x0003476c   0x0003476c   0x0000002c   Code   RO         5683    i.nrfx_clock_enable  nrfx_clock.o
    0x00034798   0x00034798   0x00000020   Code   RO         5686    i.nrfx_clock_init   nrfx_clock.o
    0x000347b8   0x000347b8   0x0000001c   Code   RO         5689    i.nrfx_clock_lfclk_stop  nrfx_clock.o
    0x000347d4   0x000347d4   0x00000010   Code   RO         6814    i.nrfx_coredep_delay_us  app_timer.o
    0x000347e4   0x000347e4   0x00000098   Code   RO         5834    i.nrfx_gpiote_in_event_enable  nrfx_gpiote.o
    0x0003487c   0x0003487c   0x000000d4   Code   RO         5835    i.nrfx_gpiote_in_init  nrfx_gpiote.o
    0x00034950   0x00034950   0x0000000e   Code   RO         5836    i.nrfx_gpiote_in_is_set  nrfx_gpiote.o
    0x0003495e   0x0003495e   0x00000002   PAD
    0x00034960   0x00034960   0x00000070   Code   RO         5838    i.nrfx_gpiote_init  nrfx_gpiote.o
    0x000349d0   0x000349d0   0x00000014   Code   RO         5839    i.nrfx_gpiote_is_init  nrfx_gpiote.o
    0x000349e4   0x000349e4   0x00000010   Code   RO         6428    i.nrfx_is_in_ram    nrfx_uarte.o
    0x000349f4   0x000349f4   0x0000003a   Code   RO         6104    i.nrfx_prs_acquire  nrfx_prs.o
    0x00034a2e   0x00034a2e   0x00000012   Code   RO         6105    i.nrfx_prs_release  nrfx_prs.o
    0x00034a40   0x00034a40   0x00000038   Code   RO         5404    i.nrfx_rng_handler  nrf_drv_rng.o
    0x00034a78   0x00034a78   0x00000058   Code   RO         6158    i.nrfx_rng_init     nrfx_rng.o
    0x00034ad0   0x00034ad0   0x00000020   Code   RO         6159    i.nrfx_rng_start    nrfx_rng.o
    0x00034af0   0x00034af0   0x00000014   Code   RO         6160    i.nrfx_rng_stop     nrfx_rng.o
    0x00034b04   0x00034b04   0x00000028   Code   RO         6161    i.nrfx_rng_uninit   nrfx_rng.o
    0x00034b2c   0x00034b2c   0x00000010   Code   RO         6233    i.nrfx_uart_0_irq_handler  nrfx_uart.o
    0x00034b3c   0x00034b3c   0x000000d0   Code   RO         6235    i.nrfx_uart_init    nrfx_uart.o
    0x00034c0c   0x00034c0c   0x000000a4   Code   RO         6241    i.nrfx_uart_tx      nrfx_uart.o
    0x00034cb0   0x00034cb0   0x00000020   Code   RO         6243    i.nrfx_uart_tx_in_progress  nrfx_uart.o
    0x00034cd0   0x00034cd0   0x000000b4   Code   RO         6244    i.nrfx_uart_uninit  nrfx_uart.o
    0x00034d84   0x00034d84   0x00000010   Code   RO         6429    i.nrfx_uarte_0_irq_handler  nrfx_uarte.o
    0x00034d94   0x00034d94   0x0000006c   Code   RO         6431    i.nrfx_uarte_init   nrfx_uarte.o
    0x00034e00   0x00034e00   0x00000090   Code   RO         6435    i.nrfx_uarte_tx     nrfx_uarte.o
    0x00034e90   0x00034e90   0x0000001c   Code   RO         6437    i.nrfx_uarte_tx_in_progress  nrfx_uarte.o
    0x00034eac   0x00034eac   0x000000b0   Code   RO         6438    i.nrfx_uarte_uninit  nrfx_uarte.o
    0x00034f5c   0x00034f5c   0x00000054   Code   RO           16    i.on_adv_evt        main.o
    0x00034fb0   0x00034fb0   0x0000001c   Code   RO           17    i.on_conn_params_evt  main.o
    0x00034fcc   0x00034fcc   0x000000a8   Code   RO         1837    i.on_connected_evt  nrf_ble_gatt.o
    0x00035074   0x00035074   0x00000100   Code   RO         1939    i.on_dhkey_request  nrf_ble_lesc.o
    0x00035174   0x00035174   0x000000ac   Code   RO         1838    i.on_exchange_mtu_request_evt  nrf_ble_gatt.o
    0x00035220   0x00035220   0x00000024   Code   RO         7097    i.page_identify     fds.o
    0x00035244   0x00035244   0x0000001c   Code   RO         7098    i.page_offsets_update  fds.o
    0x00035260   0x00035260   0x0000006c   Code   RO         7099    i.page_scan         fds.o
    0x000352cc   0x000352cc   0x0000001c   Code   RO         7100    i.page_tag_write_data  fds.o
    0x000352e8   0x000352e8   0x00000024   Code   RO         7101    i.page_tag_write_swap  fds.o
    0x0003530c   0x0003530c   0x0000011c   Code   RO         7102    i.pages_init        fds.o
    0x00035428   0x00035428   0x0000000c   Code   RO         3148    i.pairing           security_dispatcher.o
    0x00035434   0x00035434   0x00000074   Code   RO         3149    i.pairing_failure   security_dispatcher.o
    0x000354a8   0x000354a8   0x0000002e   Code   RO         3150    i.pairing_success_evt_send  security_dispatcher.o
    0x000354d6   0x000354d6   0x00000006   Code   RO         3289    i.params_reply_pending_handle  security_manager.o
    0x000354dc   0x000354dc   0x00000028   Code   RO         3290    i.params_req_send   security_manager.o
    0x00035504   0x00035504   0x0000001c   Code   RO         2497    i.pdb_evt_send      peer_database.o
    0x00035520   0x00035520   0x00000090   Code   RO         2498    i.pdb_init          peer_database.o
    0x000355b0   0x000355b0   0x0000007c   Code   RO         2499    i.pdb_pds_evt_handler  peer_database.o
    0x0003562c   0x0003562c   0x00000006   Code   RO         2500    i.pdb_peer_data_ptr_get  peer_database.o
    0x00035632   0x00035632   0x00000002   PAD
    0x00035634   0x00035634   0x0000008c   Code   RO         2501    i.pdb_peer_free     peer_database.o
    0x000356c0   0x000356c0   0x000000dc   Code   RO         2502    i.pdb_write_buf_get  peer_database.o
    0x0003579c   0x0003579c   0x00000014   Code   RO         2503    i.pdb_write_buf_release  peer_database.o
    0x000357b0   0x000357b0   0x00000036   Code   RO         2504    i.pdb_write_buf_store  peer_database.o
    0x000357e6   0x000357e6   0x00000002   PAD
    0x000357e8   0x000357e8   0x00000010   Code   RO         2359    i.pds_evt_send      peer_data_storage.o
    0x000357f8   0x000357f8   0x000000dc   Code   RO         2360    i.pds_init          peer_data_storage.o
    0x000358d4   0x000358d4   0x00000004   Code   RO         2361    i.pds_next_deleted_peer_id_get  peer_data_storage.o
    0x000358d8   0x000358d8   0x00000004   Code   RO         2362    i.pds_next_peer_id_get  peer_data_storage.o
    0x000358dc   0x000358dc   0x00000058   Code   RO         2365    i.pds_peer_data_iterate  peer_data_storage.o
    0x00035934   0x00035934   0x00000010   Code   RO         2366    i.pds_peer_data_iterate_prepare  peer_data_storage.o
    0x00035944   0x00035944   0x00000072   Code   RO         2367    i.pds_peer_data_read  peer_data_storage.o
    0x000359b6   0x000359b6   0x00000002   PAD
    0x000359b8   0x000359b8   0x000000a0   Code   RO         2368    i.pds_peer_data_store  peer_data_storage.o
    0x00035a58   0x00035a58   0x00000008   Code   RO         2369    i.pds_peer_id_allocate  peer_data_storage.o
    0x00035a60   0x00035a60   0x00000016   Code   RO         2370    i.pds_peer_id_free  peer_data_storage.o
    0x00035a76   0x00035a76   0x00000004   Code   RO         2371    i.pds_peer_id_is_allocated  peer_data_storage.o
    0x00035a7a   0x00035a7a   0x00000002   PAD
    0x00035a7c   0x00035a7c   0x0000009c   Code   RO         2373    i.peer_data_delete_process  peer_data_storage.o
    0x00035b18   0x00035b18   0x00000030   Code   RO         2374    i.peer_data_find    peer_data_storage.o
    0x00035b48   0x00035b48   0x00000024   Code   RO         2375    i.peer_data_id_is_valid  peer_data_storage.o
    0x00035b6c   0x00035b6c   0x0000001a   Code   RO         2505    i.peer_data_point_to_buffer  peer_database.o
    0x00035b86   0x00035b86   0x00000002   PAD
    0x00035b88   0x00035b88   0x0000000c   Code   RO         2618    i.peer_id_allocate  peer_id.o
    0x00035b94   0x00035b94   0x00000024   Code   RO         2619    i.peer_id_delete    peer_id.o
    0x00035bb8   0x00035bb8   0x0000001c   Code   RO         2620    i.peer_id_free      peer_id.o
    0x00035bd4   0x00035bd4   0x0000000c   Code   RO         2621    i.peer_id_get_next_deleted  peer_id.o
    0x00035be0   0x00035be0   0x00000030   Code   RO         2622    i.peer_id_get_next_used  peer_id.o
    0x00035c10   0x00035c10   0x0000000c   Code   RO         2623    i.peer_id_init      peer_id.o
    0x00035c1c   0x00035c1c   0x00000014   Code   RO         2624    i.peer_id_is_allocated  peer_id.o
    0x00035c30   0x00035c30   0x00000014   Code   RO         2625    i.peer_id_is_deleted  peer_id.o
    0x00035c44   0x00035c44   0x0000006c   Code   RO           18    i.peer_manager_init  main.o
    0x00035cb0   0x00035cb0   0x00000016   Code   RO         1025    i.phy_is_valid      ble_advertising.o
    0x00035cc6   0x00035cc6   0x00000002   PAD
    0x00035cc8   0x00035cc8   0x00000018   Code   RO         5855    i.pin_in_use_by_port  nrfx_gpiote.o
    0x00035ce0   0x00035ce0   0x00000018   Code   RO         5856    i.pin_in_use_by_te  nrfx_gpiote.o
    0x00035cf8   0x00035cf8   0x00000064   Code   RO         3095    i.pm_buffer_block_acquire  pm_buffer.o
    0x00035d5c   0x00035d5c   0x00000024   Code   RO         3096    i.pm_buffer_init    pm_buffer.o
    0x00035d80   0x00035d80   0x00000028   Code   RO         3097    i.pm_buffer_ptr_get  pm_buffer.o
    0x00035da8   0x00035da8   0x00000032   Code   RO         3098    i.pm_buffer_release  pm_buffer.o
    0x00035dda   0x00035dda   0x00000002   PAD
    0x00035ddc   0x00035ddc   0x00000078   Code   RO         2712    i.pm_conn_sec_status_get  peer_manager.o
    0x00035e54   0x00035e54   0x0000001c   Code   RO         2713    i.pm_conn_secure    peer_manager.o
    0x00035e70   0x00035e70   0x00000020   Code   RO           19    i.pm_evt_handler    main.o
    0x00035e90   0x00035e90   0x00000004   Code   RO         2715    i.pm_gcm_evt_handler  peer_manager.o
    0x00035e94   0x00035e94   0x00000004   Code   RO         2716    i.pm_gscm_evt_handler  peer_manager.o
    0x00035e98   0x00035e98   0x00000210   Code   RO         3009    i.pm_handler_flash_clean  peer_manager_handler.o
    0x000360a8   0x000360a8   0x0000001c   Code   RO         3010    i.pm_handler_flash_clean_on_return  peer_manager_handler.o
    0x000360c4   0x000360c4   0x00000054   Code   RO         3011    i.pm_handler_on_pm_evt  peer_manager_handler.o
    0x00036118   0x00036118   0x000002dc   Code   RO         3012    i.pm_handler_pm_evt_log  peer_manager_handler.o
    0x000363f4   0x000363f4   0x00000004   Code   RO         2719    i.pm_im_evt_handler  peer_manager.o
    0x000363f8   0x000363f8   0x000001bc   Code   RO         2720    i.pm_init           peer_manager.o
    0x000365b4   0x000365b4   0x00000120   Code   RO         2724    i.pm_pdb_evt_handler  peer_manager.o
    0x000366d4   0x000366d4   0x00000014   Code   RO         2735    i.pm_peer_delete    peer_manager.o
    0x000366e8   0x000366e8   0x0000011c   Code   RO         2739    i.pm_peer_rank_highest  peer_manager.o
    0x00036804   0x00036804   0x000000ec   Code   RO         2740    i.pm_peer_ranks_get  peer_manager.o
    0x000368f0   0x000368f0   0x00000094   Code   RO         2741    i.pm_peers_delete   peer_manager.o
    0x00036984   0x00036984   0x0000002c   Code   RO         2744    i.pm_register       peer_manager.o
    0x000369b0   0x000369b0   0x00000014   Code   RO         2745    i.pm_sec_params_set  peer_manager.o
    0x000369c4   0x000369c4   0x0000000a   Code   RO         2746    i.pm_sm_evt_handler  peer_manager.o
    0x000369ce   0x000369ce   0x00000034   Code   RO         3500    i.pnp_id_encode     ble_dis.o
    0x00036a02   0x00036a02   0x00000002   PAD
    0x00036a04   0x00036a04   0x0000003c   Code   RO         8886    i.postfix_process   nrf_log_str_formatter.o
    0x00036a40   0x00036a40   0x00000098   Code   RO         8887    i.prefix_process    nrf_log_str_formatter.o
    0x00036ad8   0x00036ad8   0x00000018   Code   RO         6106    i.prs_box_get       nrfx_prs.o
    0x00036af0   0x00036af0   0x0000001c   Code   RO         7103    i.queue_buf_get     fds.o
    0x00036b0c   0x00036b0c   0x00000010   Code   RO         7104    i.queue_buf_store   fds.o
    0x00036b1c   0x00036b1c   0x00000014   Code   RO         7998    i.queue_free        nrf_fstorage_sd.o
    0x00036b30   0x00036b30   0x000000a0   Code   RO         7105    i.queue_process     fds.o
    0x00036bd0   0x00036bd0   0x000000a0   Code   RO         7999    i.queue_process     nrf_fstorage_sd.o
    0x00036c70   0x00036c70   0x0000001c   Code   RO         7106    i.queue_start       fds.o
    0x00036c8c   0x00036c8c   0x00000024   Code   RO         8000    i.queue_start       nrf_fstorage_sd.o
    0x00036cb0   0x00036cb0   0x00000018   Code   RO         8266    i.queue_utilization_get  nrf_queue.o
    0x00036cc8   0x00036cc8   0x0000001c   Code   RO         3015    i.rank_highest      peer_manager_handler.o
    0x00036ce4   0x00036ce4   0x00000028   Code   RO         2749    i.rank_vars_update  peer_manager.o
    0x00036d0c   0x00036d0c   0x0000000e   Code   RO         8001    i.read              nrf_fstorage_sd.o
    0x00036d1a   0x00036d1a   0x00000002   PAD
    0x00036d1c   0x00036d1c   0x000000b0   Code   RO         2506    i.reattempt_previous_operations  peer_database.o
    0x00036dcc   0x00036dcc   0x00000088   Code   RO         7107    i.record_find       fds.o
    0x00036e54   0x00036e54   0x000000a0   Code   RO         7108    i.record_find_by_desc  fds.o
    0x00036ef4   0x00036ef4   0x0000005c   Code   RO         7109    i.record_find_next  fds.o
    0x00036f50   0x00036f50   0x00000038   Code   RO         7110    i.record_header_flag_dirty  fds.o
    0x00036f88   0x00036f88   0x00000010   Code   RO         2627    i.release           peer_id.o
    0x00036f98   0x00036f98   0x000000f0   Code   RO         5022    i.result_get        cc310_backend_rng.o
    0x00037088   0x00037088   0x00000004   Code   RO         8002    i.rmap              nrf_fstorage_sd.o
    0x0003708c   0x0003708c   0x00000088   Code   RO           20    i.rr_interval_timeout_handler  main.o
    0x00037114   0x00037114   0x0000003c   Code   RO         6815    i.rtc1_stop         app_timer.o
    0x00037150   0x00037150   0x00000032   Code   RO         6245    i.rx_byte           nrfx_uart.o
    0x00037182   0x00037182   0x00000016   Code   RO         6246    i.rx_done_event     nrfx_uart.o
    0x00037198   0x00037198   0x00000016   Code   RO         6439    i.rx_done_event     nrfx_uarte.o
    0x000371ae   0x000371ae   0x00000002   PAD
    0x000371b0   0x000371b0   0x00000024   Code   RO         1416    i.sc_send_pending_handle  gatt_cache_manager.o
    0x000371d4   0x000371d4   0x00000050   Code   RO         5268    i.sd_state_evt_handler  nrf_drv_clock.o
    0x00037224   0x00037224   0x00000050   Code   RO         5405    i.sd_state_evt_handler  nrf_drv_rng.o
    0x00037274   0x00037274   0x00000030   Code   RO         9307    i.sdh_request_observer_notify  nrf_sdh.o
    0x000372a4   0x000372a4   0x0000002c   Code   RO         9308    i.sdh_state_observer_notify  nrf_sdh.o
    0x000372d0   0x000372d0   0x000000d8   Code   RO         3151    i.sec_info_request_process  security_dispatcher.o
    0x000373a8   0x000373a8   0x000000f4   Code   RO         3152    i.sec_keyset_fill   security_dispatcher.o
    0x0003749c   0x0003749c   0x00000076   Code   RO         3291    i.sec_params_verify  security_manager.o
    0x00037512   0x00037512   0x00000002   PAD
    0x00037514   0x00037514   0x00000060   Code   RO         3153    i.sec_proc_start    security_dispatcher.o
    0x00037574   0x00037574   0x00000022   Code   RO         3154    i.send_config_req   security_dispatcher.o
    0x00037596   0x00037596   0x00000002   PAD
    0x00037598   0x00037598   0x00000010   Code   RO         1114    i.send_error_evt    ble_conn_params.o
    0x000375a8   0x000375a8   0x00000028   Code   RO         1417    i.send_unexpected_error  gatt_cache_manager.o
    0x000375d0   0x000375d0   0x00000028   Code   RO         3155    i.send_unexpected_error  security_dispatcher.o
    0x000375f8   0x000375f8   0x00000018   Code   RO           21    i.sensor_contact_detected_timeout_handler  main.o
    0x00037610   0x00037610   0x00000060   Code   RO           22    i.sensor_simulator_init  main.o
    0x00037670   0x00037670   0x0000001c   Code   RO         8492    i.sensorsim_decrement  sensorsim.o
    0x0003768c   0x0003768c   0x0000001c   Code   RO         8493    i.sensorsim_increment  sensorsim.o
    0x000376a8   0x000376a8   0x00000016   Code   RO         8494    i.sensorsim_init    sensorsim.o
    0x000376be   0x000376be   0x0000001a   Code   RO         8495    i.sensorsim_measure  sensorsim.o
    0x000376d8   0x000376d8   0x00000040   Code   RO         8586    i.serial_tx         nrf_log_backend_uart.o
    0x00037718   0x00037718   0x00000070   Code   RO         1418    i.service_changed_cccd  gatt_cache_manager.o
    0x00037788   0x00037788   0x00000014   Code   RO         1419    i.service_changed_pending_flags_check  gatt_cache_manager.o
    0x0003779c   0x0003779c   0x00000094   Code   RO         1576    i.service_changed_pending_set  gatts_cache_manager.o
    0x00037830   0x00037830   0x00000104   Code   RO         1420    i.service_changed_send_in_evt  gatt_cache_manager.o
    0x00037934   0x00037934   0x00000088   Code   RO          918    i.service_data_encode  ble_advdata.o
    0x000379bc   0x000379bc   0x000000b8   Code   RO           23    i.services_init     main.o
    0x00037a74   0x00037a74   0x00000030   Code   RO         1346    i.set_security_req  ble_srv_common.o
    0x00037aa4   0x00037aa4   0x00000028   Code   RO           24    i.sleep_mode_enter  main.o
    0x00037acc   0x00037acc   0x00000034   Code   RO         3292    i.sm_ble_evt_handler  security_manager.o
    0x00037b00   0x00037b00   0x00000060   Code   RO         3294    i.sm_init           security_manager.o
    0x00037b60   0x00037b60   0x0000000a   Code   RO         3296    i.sm_link_secure    security_manager.o
    0x00037b6a   0x00037b6a   0x00000002   PAD
    0x00037b6c   0x00037b6c   0x00000044   Code   RO         3297    i.sm_pdb_evt_handler  security_manager.o
    0x00037bb0   0x00037bb0   0x00000034   Code   RO         3299    i.sm_sec_params_set  security_manager.o
    0x00037be4   0x00037be4   0x00000060   Code   RO         3300    i.sm_smd_evt_handler  security_manager.o
    0x00037c44   0x00037c44   0x00000104   Code   RO         3156    i.smd_ble_evt_handler  security_dispatcher.o
    0x00037d48   0x00037d48   0x00000070   Code   RO         3158    i.smd_init          security_dispatcher.o
    0x00037db8   0x00037db8   0x00000028   Code   RO         3159    i.smd_link_secure   security_dispatcher.o
    0x00037de0   0x00037de0   0x000000bc   Code   RO         3160    i.smd_params_reply  security_dispatcher.o
    0x00037e9c   0x00037e9c   0x0000003c   Code   RO         3301    i.smd_params_reply_perform  security_manager.o
    0x00037ed8   0x00037ed8   0x00000018   Code   RO         5269    i.soc_evt_handler   nrf_drv_clock.o
    0x00037ef0   0x00037ef0   0x00000038   Code   RO         9309    i.softdevice_evt_irq_disable  nrf_sdh.o
    0x00037f28   0x00037f28   0x00000058   Code   RO         9310    i.softdevices_evt_irq_enable  nrf_sdh.o
    0x00037f80   0x00037f80   0x0000008c   Code   RO         8722    i.std_n             nrf_log_frontend.o
    0x0003800c   0x0003800c   0x0000006c   Code   RO         1421    i.store_car_value   gatt_cache_manager.o
    0x00038078   0x00038078   0x00000042   Code   RO         3501    i.sys_id_encode     ble_dis.o
    0x000380ba   0x000380ba   0x00000002   PAD
    0x000380bc   0x000380bc   0x00000080   Code   RO         6816    i.timer_list_handler  app_timer.o
    0x0003813c   0x0003813c   0x0000003c   Code   RO         6817    i.timer_list_insert  app_timer.o
    0x00038178   0x00038178   0x00000060   Code   RO         6818    i.timer_list_remove  app_timer.o
    0x000381d8   0x000381d8   0x00000048   Code   RO         6819    i.timer_stop_op_schedule  app_timer.o
    0x00038220   0x00038220   0x00000074   Code   RO         6820    i.timer_timeouts_check  app_timer.o
    0x00038294   0x00038294   0x00000070   Code   RO           25    i.timers_init       main.o
    0x00038304   0x00038304   0x00000020   Code   RO         6248    i.tx_byte           nrfx_uart.o
    0x00038324   0x00038324   0x0000001a   Code   RO         6249    i.tx_done_event     nrfx_uart.o
    0x0003833e   0x0003833e   0x00000002   PAD
    0x00038340   0x00038340   0x00000030   Code   RO         5486    i.uart_evt_handler  nrf_drv_uart.o
    0x00038370   0x00038370   0x0000000c   Code   RO         8587    i.uart_evt_handler  nrf_log_backend_uart.o
    0x0003837c   0x0003837c   0x00000050   Code   RO         8588    i.uart_init         nrf_log_backend_uart.o
    0x000383cc   0x000383cc   0x00000128   Code   RO         6250    i.uart_irq_handler  nrfx_uart.o
    0x000384f4   0x000384f4   0x00000030   Code   RO         5487    i.uarte_evt_handler  nrf_drv_uart.o
    0x00038524   0x00038524   0x000000f2   Code   RO         6440    i.uarte_irq_handler  nrfx_uarte.o
    0x00038616   0x00038616   0x0000000a   Code   RO          919    i.uint16_encode     ble_advdata.o
    0x00038620   0x00038620   0x00000020   Code   RO         8003    i.uninit            nrf_fstorage_sd.o
    0x00038640   0x00038640   0x000000b4   Code   RO         7867    i.unsigned_print    nrf_fprintf_format.o
    0x000386f4   0x000386f4   0x00000030   Code   RO         1422    i.update_pending_flags_check  gatt_cache_manager.o
    0x00038724   0x00038724   0x00000068   Code   RO         1115    i.update_timeout_handler  ble_conn_params.o
    0x0003878c   0x0003878c   0x00000018   Code   RO         1026    i.use_whitelist     ble_advertising.o
    0x000387a4   0x000387a4   0x0000000c   Code   RO         1200    i.user_flag_is_acquired  ble_conn_state.o
    0x000387b0   0x000387b0   0x00000024   Code   RO         2319    i.user_mem_reply    nrf_ble_qwr.o
    0x000387d4   0x000387d4   0x00000030   Code   RO         6821    i.user_op_alloc     app_timer.o
    0x00038804   0x00038804   0x00000030   Code   RO          920    i.uuid_list_encode  ble_advdata.o
    0x00038834   0x00038834   0x0000009e   Code   RO          921    i.uuid_list_sized_encode  ble_advdata.o
    0x000388d2   0x000388d2   0x00000002   PAD
    0x000388d4   0x000388d4   0x0000004c   Code   RO          630    i.wakeup_button_cfg  bsp.o
    0x00038920   0x00038920   0x00000004   Code   RO         8004    i.wmap              nrf_fstorage_sd.o
    0x00038924   0x00038924   0x00000050   Code   RO         8005    i.write             nrf_fstorage_sd.o
    0x00038974   0x00038974   0x0000014c   Code   RO         2507    i.write_buf_store   peer_database.o
    0x00038ac0   0x00038ac0   0x00000034   Code   RO         2508    i.write_buffer_record_find  peer_database.o
    0x00038af4   0x00038af4   0x00000030   Code   RO         2509    i.write_buffer_record_find_next  peer_database.o
    0x00038b24   0x00038b24   0x0000001c   Code   RO         2510    i.write_buffer_record_invalidate  peer_database.o
    0x00038b40   0x00038b40   0x0000002c   Code   RO         2511    i.write_buffer_record_release  peer_database.o
    0x00038b6c   0x00038b6c   0x000000e8   Code   RO         7112    i.write_enqueue     fds.o
    0x00038c54   0x00038c54   0x000000f4   Code   RO         7113    i.write_execute     fds.o
    0x00038d48   0x00038d48   0x00000018   Code   RO         7114    i.write_space_free  fds.o
    0x00038d60   0x00038d60   0x0000005c   Code   RO         7115    i.write_space_reserve  fds.o
    0x00038dbc   0x00038dbc   0x00000010   Data   RO           31    .constdata          main.o
    0x00038dcc   0x00038dcc   0x00000008   Data   RO          490    .constdata          boards.o
    0x00038dd4   0x00038dd4   0x0000002c   Data   RO          635    .constdata          bsp.o
    0x00038e00   0x00038e00   0x00000004   Data   RO          843    .constdata          auth_status_tracker.o
    0x00038e04   0x00038e04   0x0000007c   Data   RO         1423    .constdata          gatt_cache_manager.o
    0x00038e80   0x00038e80   0x00000004   Data   RO         1577    .constdata          gatts_cache_manager.o
    0x00038e84   0x00038e84   0x00000010   Data   RO         1578    .constdata          gatts_cache_manager.o
    0x00038e94   0x00038e94   0x00000004   Data   RO         1579    .constdata          gatts_cache_manager.o
    0x00038e98   0x00038e98   0x00000008   Data   RO         1686    .constdata          id_manager.o
    0x00038ea0   0x00038ea0   0x00000016   Data   RO         1839    .constdata          nrf_ble_gatt.o
    0x00038eb6   0x00038eb6   0x00000002   PAD
    0x00038eb8   0x00038eb8   0x0000001c   Data   RO         2376    .constdata          peer_data_storage.o
    0x00038ed4   0x00038ed4   0x00000010   Data   RO         2513    .constdata          peer_database.o
    0x00038ee4   0x00038ee4   0x0000002c   Data   RO         2751    .constdata          peer_manager.o
    0x00038f10   0x00038f10   0x00000018   Data   RO         3016    .constdata          peer_manager_handler.o
    0x00038f28   0x00038f28   0x0000008c   Data   RO         3162    .constdata          security_dispatcher.o
    0x00038fb4   0x00038fb4   0x00000004   Data   RO         3302    .constdata          security_manager.o
    0x00038fb8   0x00038fb8   0x000001d8   Data   RO         3775    .constdata          nrf_crypto_ecc.o
    0x00039190   0x00039190   0x00000048   Data   RO         3863    .constdata          nrf_crypto_ecdh.o
    0x000391d8   0x000391d8   0x0000000c   Data   RO         4523    .constdata          cc310_backend_ecc.o
    0x000391e4   0x000391e4   0x00000008   Data   RO         5858    .constdata          nrfx_gpiote.o
    0x000391ec   0x000391ec   0x00000004   Data   RO         6253    .constdata          nrfx_uart.o
    0x000391f0   0x000391f0   0x00000004   Data   RO         6443    .constdata          nrfx_uarte.o
    0x000391f4   0x000391f4   0x00000008   Data   RO         6590    .constdata          app_button.o
    0x000391fc   0x000391fc   0x00000004   PAD
    0x00039200   0x00039200   0x00000006   Data   RO         6823    .constdata          app_timer.o
    0x00039206   0x00039206   0x00000002   PAD
    0x00039208   0x00039208   0x00000018   Data   RO         7118    .constdata          fds.o
    0x00039220   0x00039220   0x00000010   Data   RO         7868    .constdata          nrf_fprintf_format.o
    0x00039230   0x00039230   0x0000005e   Data   RO         7914    .constdata          nrf_fstorage.o
    0x0003928e   0x0003928e   0x00000002   PAD
    0x00039290   0x00039290   0x00000010   Data   RO         8008    .constdata          nrf_fstorage_sd.o
    0x000392a0   0x000392a0   0x00000020   Data   RO         8009    .constdata          nrf_fstorage_sd.o
    0x000392c0   0x000392c0   0x00000018   Data   RO         8187    .constdata          nrf_pwr_mgmt.o
    0x000392d8   0x000392d8   0x0000000c   Data   RO         8188    .constdata          nrf_pwr_mgmt.o
    0x000392e4   0x000392e4   0x0000013c   Data   RO         8464    .constdata          nrf_strerror.o
    0x00039420   0x00039420   0x0000000c   Data   RO         8590    .constdata          nrf_log_backend_uart.o
    0x0003942c   0x0003942c   0x00000020   Data   RO         8591    .constdata          nrf_log_backend_uart.o
    0x0003944c   0x0003944c   0x0000000c   Data   RO         8727    .constdata          nrf_log_frontend.o
    0x00039458   0x00039458   0x00000010   Data   RO         9311    .constdata          nrf_sdh.o
    0x00039468   0x00039468   0x00000028   Data   RO         9312    .constdata          nrf_sdh.o
    0x00039490   0x00039490   0x00000010   Data   RO         9313    .constdata          nrf_sdh.o
    0x000394a0   0x000394a0   0x00000010   Data   RO         9314    .constdata          nrf_sdh.o
    0x000394b0   0x000394b0   0x00000020   Data   RO         9422    .constdata          nrf_sdh_ble.o
    0x000394d0   0x000394d0   0x00000010   Data   RO         9423    .constdata          nrf_sdh_ble.o
    0x000394e0   0x000394e0   0x00000010   Data   RO         9473    .constdata          nrf_sdh_soc.o
    0x000394f0   0x000394f0   0x0000000c   Data   RO         9474    .constdata          nrf_sdh_soc.o
    0x000394fc   0x000394fc   0x00000081   Data   RO        10206    .constdata          mc_w.l(ctype_o.o)
    0x0003957d   0x0003957d   0x00000003   PAD
    0x00039580   0x00039580   0x00000004   Data   RO        10207    .constdata          mc_w.l(ctype_o.o)
    0x00039584   0x00039584   0x00000056   Data   RO           32    .conststring        main.o
    0x000395da   0x000395da   0x00000002   PAD
    0x000395dc   0x000395dc   0x0000004e   Data   RO          844    .conststring        auth_status_tracker.o
    0x0003962a   0x0003962a   0x00000002   PAD
    0x0003962c   0x0003962c   0x000001a4   Data   RO         1424    .conststring        gatt_cache_manager.o
    0x000397d0   0x000397d0   0x0000019c   Data   RO         1580    .conststring        gatts_cache_manager.o
    0x0003996c   0x0003996c   0x000000a2   Data   RO         1840    .conststring        nrf_ble_gatt.o
    0x00039a0e   0x00039a0e   0x00000002   PAD
    0x00039a10   0x00039a10   0x00000042   Data   RO         1941    .conststring        nrf_ble_lesc.o
    0x00039a52   0x00039a52   0x00000002   PAD
    0x00039a54   0x00039a54   0x000000e8   Data   RO         2377    .conststring        peer_data_storage.o
    0x00039b3c   0x00039b3c   0x00000180   Data   RO         2514    .conststring        peer_database.o
    0x00039cbc   0x00039cbc   0x00000090   Data   RO         2752    .conststring        peer_manager.o
    0x00039d4c   0x00039d4c   0x000002ca   Data   RO         3017    .conststring        peer_manager_handler.o
    0x0003a016   0x0003a016   0x00000002   PAD
    0x0003a018   0x0003a018   0x00000262   Data   RO         3163    .conststring        security_dispatcher.o
    0x0003a27a   0x0003a27a   0x00000002   PAD
    0x0003a27c   0x0003a27c   0x0000017b   Data   RO         3303    .conststring        security_manager.o
    0x0003a3f7   0x0003a3f7   0x00000001   PAD
    0x0003a3f8   0x0003a3f8   0x0000004f   Data   RO         7915    .conststring        nrf_fstorage.o
    0x0003a447   0x0003a447   0x00000001   PAD
    0x0003a448   0x0003a448   0x000003eb   Data   RO         8465    .conststring        nrf_strerror.o
    0x0003a833   0x0003a833   0x00000001   PAD
    0x0003a834   0x0003a834   0x00000066   Data   RO         8888    .conststring        nrf_log_str_formatter.o
    0x0003a89a   0x0003a89a   0x00000002   PAD
    0x0003a89c   0x0003a89c   0x000001cf   Data   RO         9424    .conststring        nrf_sdh_ble.o
    0x0003aa6b   0x0003aa6b   0x00000001   PAD
    0x0003aa6c   0x0003aa6c   0x00000011   Data   RO          845    .conststrlit        auth_status_tracker.o
    0x0003aa7d   0x0003aa7d   0x00000003   PAD
    0x0003aa80   0x0003aa80   0x00000011   Data   RO         1425    .conststrlit        gatt_cache_manager.o
    0x0003aa91   0x0003aa91   0x00000003   PAD
    0x0003aa94   0x0003aa94   0x00000012   Data   RO         1581    .conststrlit        gatts_cache_manager.o
    0x0003aaa6   0x0003aaa6   0x00000002   PAD
    0x0003aaa8   0x0003aaa8   0x00000010   Data   RO         1688    .conststrlit        id_manager.o
    0x0003aab8   0x0003aab8   0x0000000d   Data   RO         1841    .conststrlit        nrf_ble_gatt.o
    0x0003aac5   0x0003aac5   0x00000003   PAD
    0x0003aac8   0x0003aac8   0x0000000d   Data   RO         1942    .conststrlit        nrf_ble_lesc.o
    0x0003aad5   0x0003aad5   0x00000003   PAD
    0x0003aad8   0x0003aad8   0x00000011   Data   RO         2378    .conststrlit        peer_data_storage.o
    0x0003aae9   0x0003aae9   0x00000003   PAD
    0x0003aaec   0x0003aaec   0x00000011   Data   RO         2515    .conststrlit        peer_database.o
    0x0003aafd   0x0003aafd   0x00000003   PAD
    0x0003ab00   0x0003ab00   0x0000000d   Data   RO         2753    .conststrlit        peer_manager.o
    0x0003ab0d   0x0003ab0d   0x00000003   PAD
    0x0003ab10   0x0003ab10   0x00000015   Data   RO         3019    .conststrlit        peer_manager_handler.o
    0x0003ab25   0x0003ab25   0x00000003   PAD
    0x0003ab28   0x0003ab28   0x00000011   Data   RO         3164    .conststrlit        security_dispatcher.o
    0x0003ab39   0x0003ab39   0x00000003   PAD
    0x0003ab3c   0x0003ab3c   0x00000010   Data   RO         3304    .conststrlit        security_manager.o
    0x0003ab4c   0x0003ab4c   0x00000008   Data   RO         3444    .conststrlit        ble_bas.o
    0x0003ab54   0x0003ab54   0x00000006   Data   RO         5275    .conststrlit        nrf_drv_clock.o
    0x0003ab5a   0x0003ab5a   0x00000002   PAD
    0x0003ab5c   0x0003ab5c   0x00000004   Data   RO         5411    .conststrlit        nrf_drv_rng.o
    0x0003ab60   0x0003ab60   0x00000006   Data   RO         5693    .conststrlit        nrfx_clock.o
    0x0003ab66   0x0003ab66   0x00000002   PAD
    0x0003ab68   0x0003ab68   0x00000007   Data   RO         5862    .conststrlit        nrfx_gpiote.o
    0x0003ab6f   0x0003ab6f   0x00000001   PAD
    0x0003ab70   0x0003ab70   0x00000004   Data   RO         6108    .conststrlit        nrfx_prs.o
    0x0003ab74   0x0003ab74   0x00000004   Data   RO         6162    .conststrlit        nrfx_rng.o
    0x0003ab78   0x0003ab78   0x00000005   Data   RO         6256    .conststrlit        nrfx_uart.o
    0x0003ab7d   0x0003ab7d   0x00000003   PAD
    0x0003ab80   0x0003ab80   0x00000006   Data   RO         6446    .conststrlit        nrfx_uarte.o
    0x0003ab86   0x0003ab86   0x00000002   PAD
    0x0003ab88   0x0003ab88   0x00000009   Data   RO         7417    .conststrlit        mem_manager.o
    0x0003ab91   0x0003ab91   0x00000003   PAD
    0x0003ab94   0x0003ab94   0x0000000d   Data   RO         7916    .conststrlit        nrf_fstorage.o
    0x0003aba1   0x0003aba1   0x00000003   PAD
    0x0003aba4   0x0003aba4   0x00000009   Data   RO         8189    .conststrlit        nrf_pwr_mgmt.o
    0x0003abad   0x0003abad   0x00000003   PAD
    0x0003abb0   0x0003abb0   0x00000011   Data   RO         8662    .conststrlit        nrf_log_default_backends.o
    0x0003abc1   0x0003abc1   0x00000003   PAD
    0x0003abc4   0x0003abc4   0x00000004   Data   RO         8728    .conststrlit        nrf_log_frontend.o
    0x0003abc8   0x0003abc8   0x00000008   Data   RO         9315    .conststrlit        nrf_sdh.o
    0x0003abd0   0x0003abd0   0x0000000c   Data   RO         9425    .conststrlit        nrf_sdh_ble.o
    0x0003abdc   0x0003abdc   0x0000000c   Data   RO         9475    .conststrlit        nrf_sdh_soc.o
    0x0003abe8   0x0003abe8   0x00000070   Data   RO         9746    .rodata             nrf_cc310_0.9.12.lib(crys_rnd.c.obj)
    0x0003ac58   0x0003ac58   0x00000040   Data   RO         9908    .rodata.CRYS_HASH_SHA512_INIT_VECTOR  nrf_cc310_0.9.12.lib(sw_llf_hash_sha512.c.obj)
    0x0003ac98   0x0003ac98   0x0000002f   Data   RO         9747    .rodata.CRYS_RndInit.str1.4  nrf_cc310_0.9.12.lib(crys_rnd.c.obj)
    0x0003acc7   0x0003acc7   0x00000001   PAD
    0x0003acc8   0x0003acc8   0x00000018   Data   RO         9780    .rodata.CSWTCH.6    nrf_cc310_0.9.12.lib(ssi_aes.c.obj)
    0x0003ace0   0x0003ace0   0x00000508   Data   RO         9969    .rodata.EcEdwDomain25519  nrf_cc310_0.9.12.lib(ec_edw_domain_25519.c.obj)
    0x0003b1e8   0x0003b1e8   0x00000017   Data   RO         9964    .rodata.EcEdwSeedKeyPair.str1.4  nrf_cc310_0.9.12.lib(ec_edw.c.obj)
    0x0003b1ff   0x0003b1ff   0x00000001   PAD
    0x0003b200   0x0003b200   0x000000f8   Data   RO         9954    .rodata.EcMontDomainCurve25519  nrf_cc310_0.9.12.lib(ec_mont_domain_curve25519.c.obj)
    0x0003b2f8   0x0003b2f8   0x00000017   Data   RO         9949    .rodata.EcMontScalarmult.str1.4  nrf_cc310_0.9.12.lib(ec_mont.c.obj)
    0x0003b30f   0x0003b30f   0x00000001   PAD
    0x0003b310   0x0003b310   0x00000014   Data   RO         9859    .rodata.HASH_LARVAL_SHA1  nrf_cc310_0.9.12.lib(hash_driver.c.obj)
    0x0003b324   0x0003b324   0x00000020   Data   RO         9860    .rodata.HASH_LARVAL_SHA224  nrf_cc310_0.9.12.lib(hash_driver.c.obj)
    0x0003b344   0x0003b344   0x00000020   Data   RO         9861    .rodata.HASH_LARVAL_SHA256  nrf_cc310_0.9.12.lib(hash_driver.c.obj)
    0x0003b364   0x0003b364   0x00000004   PAD
    0x0003b368   0x0003b368   0x00000280   Data   RO        10062    .rodata.K512        nrf_cc310_0.9.12.lib(sw_llfcd_hash_sha512.c.obj)
    0x0003b5e8   0x0003b5e8   0x00000017   Data   RO        10093    .rodata.PkaFinishAndMutexUnlock.str1.4  nrf_cc310_0.9.12.lib(pka.c.obj)
    0x0003b5ff   0x0003b5ff   0x00000001   PAD
    0x0003b600   0x0003b600   0x00000017   Data   RO        10094    .rodata.PkaInitAndMutexLock.str1.4  nrf_cc310_0.9.12.lib(pka.c.obj)
    0x0003b617   0x0003b617   0x00000001   PAD
    0x0003b618   0x0003b618   0x0000002f   Data   RO         9884    .rodata.ProcessAes.str1.4  nrf_cc310_0.9.12.lib(aes_driver.c.obj)
    0x0003b647   0x0003b647   0x00000001   PAD
    0x0003b648   0x0003b648   0x0000002f   Data   RO         9862    .rodata.ProcessHash.str1.4  nrf_cc310_0.9.12.lib(hash_driver.c.obj)
    0x0003b677   0x0003b677   0x00000001   PAD
    0x0003b678   0x0003b678   0x0000002f   Data   RO         9996    .rodata.RNG_PLAT_SetUserRngParameters.str1.4  nrf_cc310_0.9.12.lib(ssi_rng_plat.c.obj)
    0x0003b6a7   0x0003b6a7   0x00000001   PAD
    0x0003b6a8   0x0003b6a8   0x0000002d   Data   RO        10039    .rodata.SaSi_HalWaitInterrupt.str1.4  nrf_cc310_0.9.12.lib(ssi_hal.c.obj)
    0x0003b6d5   0x0003b6d5   0x00000003   PAD
    0x0003b6d8   0x0003b6d8   0x00000055   Data   RO        10002    .rodata.SaSi_PalInit.str1.4  nrf_cc310_0.9.12.lib(ssi_pal.c.obj)
    0x0003b72d   0x0003b72d   0x00000003   PAD
    0x0003b730   0x0003b730   0x00000023   Data   RO        10026    .rodata.SaSi_PalMutexCreate.str1.4  nrf_cc310_0.9.12.lib(ssi_pal_mutex.c.obj)
    0x0003b753   0x0003b753   0x00000001   PAD
    0x0003b754   0x0003b754   0x0000001d   Data   RO        10027    .rodata.SaSi_PalMutexLock.str1.4  nrf_cc310_0.9.12.lib(ssi_pal_mutex.c.obj)
    0x0003b771   0x0003b771   0x00000003   PAD
    0x0003b774   0x0003b774   0x0000001f   Data   RO        10028    .rodata.SaSi_PalMutexUnlock.str1.4  nrf_cc310_0.9.12.lib(ssi_pal_mutex.c.obj)
    0x0003b793   0x0003b793   0x00000001   PAD
    0x0003b794   0x0003b794   0x00000030   Data   RO         9987    .rodata.ecDomainsFuncP  nrf_cc310_0.9.12.lib(ssi_ecpki_info.c.obj)
    0x0003b7c4   0x0003b7c4   0x00000020   Data   RO        10095    .rodata.regTemps    nrf_cc310_0.9.12.lib(pka.c.obj)
    0x0003b7e4   0x0003b7e4   0x000002dc   Data   RO        10124    .rodata.ssi_ecpki_domain_secp160k1  nrf_cc310_0.9.12.lib(ssi_ecpki_domain_secp160k1.c.obj)
    0x0003bac0   0x0003bac0   0x000002dc   Data   RO        10129    .rodata.ssi_ecpki_domain_secp160r1  nrf_cc310_0.9.12.lib(ssi_ecpki_domain_secp160r1.c.obj)
    0x0003bd9c   0x0003bd9c   0x000002dc   Data   RO        10134    .rodata.ssi_ecpki_domain_secp160r2  nrf_cc310_0.9.12.lib(ssi_ecpki_domain_secp160r2.c.obj)
    0x0003c078   0x0003c078   0x000002dc   Data   RO        10139    .rodata.ssi_ecpki_domain_secp192k1  nrf_cc310_0.9.12.lib(ssi_ecpki_domain_secp192k1.c.obj)
    0x0003c354   0x0003c354   0x000002dc   Data   RO        10144    .rodata.ssi_ecpki_domain_secp192r1  nrf_cc310_0.9.12.lib(ssi_ecpki_domain_secp192r1.c.obj)
    0x0003c630   0x0003c630   0x000002dc   Data   RO        10149    .rodata.ssi_ecpki_domain_secp224k1  nrf_cc310_0.9.12.lib(ssi_ecpki_domain_secp224k1.c.obj)
    0x0003c90c   0x0003c90c   0x000002dc   Data   RO        10154    .rodata.ssi_ecpki_domain_secp224r1  nrf_cc310_0.9.12.lib(ssi_ecpki_domain_secp224r1.c.obj)
    0x0003cbe8   0x0003cbe8   0x000002dc   Data   RO        10159    .rodata.ssi_ecpki_domain_secp256k1  nrf_cc310_0.9.12.lib(ssi_ecpki_domain_secp256k1.c.obj)
    0x0003cec4   0x0003cec4   0x000002dc   Data   RO        10164    .rodata.ssi_ecpki_domain_secp256r1  nrf_cc310_0.9.12.lib(ssi_ecpki_domain_secp256r1.c.obj)
    0x0003d1a0   0x0003d1a0   0x000002dc   Data   RO        10169    .rodata.ssi_ecpki_domain_secp384r1  nrf_cc310_0.9.12.lib(ssi_ecpki_domain_secp384r1.c.obj)
    0x0003d47c   0x0003d47c   0x000002dc   Data   RO        10174    .rodata.ssi_ecpki_domain_secp521r1  nrf_cc310_0.9.12.lib(ssi_ecpki_domain_secp521r1.c.obj)
    0x0003d758   0x0003d758   0x00000020   Data   RO        10317    Region$$Table       anon$$obj.o
    0x0003d778   0x0003d778   0x00000008   Data   RO         4953    crypto_data         cc310_backend_init.o
    0x0003d780   0x0003d780   0x00000010   Data   RO         8664    log_backends        nrf_log_default_backends.o
    0x0003d790   0x0003d790   0x00000008   Data   RO          847    log_const_data      auth_status_tracker.o
    0x0003d798   0x0003d798   0x00000008   Data   RO         1427    log_const_data      gatt_cache_manager.o
    0x0003d7a0   0x0003d7a0   0x00000008   Data   RO         1583    log_const_data      gatts_cache_manager.o
    0x0003d7a8   0x0003d7a8   0x00000008   Data   RO         1690    log_const_data      id_manager.o
    0x0003d7b0   0x0003d7b0   0x00000008   Data   RO         1842    log_const_data      nrf_ble_gatt.o
    0x0003d7b8   0x0003d7b8   0x00000008   Data   RO         1944    log_const_data      nrf_ble_lesc.o
    0x0003d7c0   0x0003d7c0   0x00000008   Data   RO         2380    log_const_data      peer_data_storage.o
    0x0003d7c8   0x0003d7c8   0x00000008   Data   RO         2517    log_const_data      peer_database.o
    0x0003d7d0   0x0003d7d0   0x00000008   Data   RO         2755    log_const_data      peer_manager.o
    0x0003d7d8   0x0003d7d8   0x00000008   Data   RO         3022    log_const_data      peer_manager_handler.o
    0x0003d7e0   0x0003d7e0   0x00000008   Data   RO         3166    log_const_data      security_dispatcher.o
    0x0003d7e8   0x0003d7e8   0x00000008   Data   RO         3306    log_const_data      security_manager.o
    0x0003d7f0   0x0003d7f0   0x00000008   Data   RO         3445    log_const_data      ble_bas.o
    0x0003d7f8   0x0003d7f8   0x00000008   Data   RO         5276    log_const_data      nrf_drv_clock.o
    0x0003d800   0x0003d800   0x00000008   Data   RO         5413    log_const_data      nrf_drv_rng.o
    0x0003d808   0x0003d808   0x00000008   Data   RO         5695    log_const_data      nrfx_clock.o
    0x0003d810   0x0003d810   0x00000008   Data   RO         5863    log_const_data      nrfx_gpiote.o
    0x0003d818   0x0003d818   0x00000008   Data   RO         6110    log_const_data      nrfx_prs.o
    0x0003d820   0x0003d820   0x00000008   Data   RO         6164    log_const_data      nrfx_rng.o
    0x0003d828   0x0003d828   0x00000008   Data   RO         6257    log_const_data      nrfx_uart.o
    0x0003d830   0x0003d830   0x00000008   Data   RO         6447    log_const_data      nrfx_uarte.o
    0x0003d838   0x0003d838   0x00000008   Data   RO         7419    log_const_data      mem_manager.o
    0x0003d840   0x0003d840   0x00000008   Data   RO         7917    log_const_data      nrf_fstorage.o
    0x0003d848   0x0003d848   0x00000008   Data   RO         8191    log_const_data      nrf_pwr_mgmt.o
    0x0003d850   0x0003d850   0x00000008   Data   RO         8731    log_const_data      nrf_log_frontend.o
    0x0003d858   0x0003d858   0x00000008   Data   RO         9317    log_const_data      nrf_sdh.o
    0x0003d860   0x0003d860   0x00000008   Data   RO         9427    log_const_data      nrf_sdh_ble.o
    0x0003d868   0x0003d868   0x00000008   Data   RO         9476    log_const_data      nrf_sdh_soc.o
    0x0003d870   0x0003d870   0x00000014   Data   RO         8732    nrf_balloc          nrf_log_frontend.o
    0x0003d884   0x0003d884   0x00000014   Data   RO         5414    nrf_queue           nrf_drv_rng.o
    0x0003d898   0x0003d898   0x00000008   Data   RO         1202    sdh_ble_observers0  ble_conn_state.o
    0x0003d8a0   0x0003d8a0   0x00000010   Data   RO           34    sdh_ble_observers1  main.o
    0x0003d8b0   0x0003d8b0   0x00000008   Data   RO          738    sdh_ble_observers1  bsp_btn_ble.o
    0x0003d8b8   0x0003d8b8   0x00000008   Data   RO         1118    sdh_ble_observers1  ble_conn_params.o
    0x0003d8c0   0x0003d8c0   0x00000008   Data   RO         2756    sdh_ble_observers1  peer_manager.o
    0x0003d8c8   0x0003d8c8   0x00000018   Data   RO           35    sdh_ble_observers2  main.o
    0x0003d8e0   0x0003d8e0   0x00000008   Data   RO           36    sdh_ble_observers3  main.o
    0x0003d8e8   0x0003d8e8   0x00000008   Data   RO         8011    sdh_req_observers0  nrf_fstorage_sd.o
    0x0003d8f0   0x0003d8f0   0x00000008   Data   RO         5277    sdh_soc_observers0  nrf_drv_clock.o
    0x0003d8f8   0x0003d8f8   0x00000008   Data   RO         8012    sdh_soc_observers0  nrf_fstorage_sd.o
    0x0003d900   0x0003d900   0x00000008   Data   RO           37    sdh_soc_observers1  main.o
    0x0003d908   0x0003d908   0x00000008   Data   RO         9428    sdh_stack_observers0  nrf_sdh_ble.o
    0x0003d910   0x0003d910   0x00000008   Data   RO         9477    sdh_stack_observers0  nrf_sdh_soc.o
    0x0003d918   0x0003d918   0x00000008   Data   RO         5278    sdh_state_observers0  nrf_drv_clock.o
    0x0003d920   0x0003d920   0x00000008   Data   RO         5415    sdh_state_observers0  nrf_drv_rng.o
    0x0003d928   0x0003d928   0x00000008   Data   RO         8013    sdh_state_observers0  nrf_fstorage_sd.o


    Execution Region RW_IRAM1 (Exec base: 0x20002b88, Load base: 0x0003d930, Size: 0x00005f44, Max: 0x0003d478, ABSOLUTE, COMPRESSED[0x0000009c])

    Exec Addr    Load Addr    Size         Type   Attr      Idx    E Section Name        Object

    0x20002b88   COMPRESSED   0x0000002c   Data   RW           33    .data               main.o
    0x20002bb4   COMPRESSED   0x00000010   Data   RW          636    .data               bsp.o
    0x20002bc4   COMPRESSED   0x00000008   Data   RW          737    .data               bsp_btn_ble.o
    0x20002bcc   COMPRESSED   0x00000004   Data   RW          846    .data               auth_status_tracker.o
    0x20002bd0   COMPRESSED   0x00000008   Data   RW         1117    .data               ble_conn_params.o
    0x20002bd8   COMPRESSED   0x00000010   Data   RW         1426    .data               gatt_cache_manager.o
    0x20002be8   COMPRESSED   0x0000000c   Data   RW         1582    .data               gatts_cache_manager.o
    0x20002bf4   COMPRESSED   0x00000008   Data   RW         1943    .data               nrf_ble_lesc.o
    0x20002bfc   COMPRESSED   0x0000000c   Data   RW         2379    .data               peer_data_storage.o
    0x20002c08   COMPRESSED   0x00000008   Data   RW         2516    .data               peer_database.o
    0x20002c10   COMPRESSED   0x00000010   Data   RW         2754    .data               peer_manager.o
    0x20002c20   COMPRESSED   0x00000060   Data   RW         3020    .data               peer_manager_handler.o
    0x20002c80   COMPRESSED   0x00000005   Data   RW         3165    .data               security_dispatcher.o
    0x20002c85   COMPRESSED   0x00000003   PAD
    0x20002c88   COMPRESSED   0x00000011   Data   RW         3305    .data               security_manager.o
    0x20002c99   COMPRESSED   0x00000001   PAD
    0x20002c9a   COMPRESSED   0x0000004a   Data   RW         3502    .data               ble_dis.o
    0x20002ce4   COMPRESSED   0x00000001   Data   RW         4113    .data               nrf_crypto_init.o
    0x20002ce5   COMPRESSED   0x00000003   PAD
    0x20002ce8   COMPRESSED   0x00000008   Data   RW         4167    .data               nrf_crypto_rng.o
    0x20002cf0   COMPRESSED   0x00000004   Data   RW         4989    .data               cc310_backend_mutex.o
    0x20002cf4   COMPRESSED   0x00000004   Data   RW         5076    .data               cc310_backend_shared.o
    0x20002cf8   COMPRESSED   0x00000003   Data   RW         5412    .data               nrf_drv_rng.o
    0x20002cfb   COMPRESSED   0x00000001   PAD
    0x20002cfc   COMPRESSED   0x00000014   Data   RW         5488    .data               nrf_drv_uart.o
    0x20002d10   COMPRESSED   0x00000008   Data   RW         5694    .data               nrfx_clock.o
    0x20002d18   COMPRESSED   0x00000008   Data   RW         6109    .data               nrfx_prs.o
    0x20002d20   COMPRESSED   0x00000008   Data   RW         6163    .data               nrfx_rng.o
    0x20002d28   COMPRESSED   0x00000020   Data   RW         6591    .data               app_button.o
    0x20002d48   COMPRESSED   0x00000014   Data   RW         6824    .data               app_timer.o
    0x20002d5c   COMPRESSED   0x00000030   Data   RW         7119    .data               fds.o
    0x20002d8c   COMPRESSED   0x00000008   Data   RW         8010    .data               nrf_fstorage_sd.o
    0x20002d94   COMPRESSED   0x00000008   Data   RW         8190    .data               nrf_pwr_mgmt.o
    0x20002d9c   COMPRESSED   0x00000018   Data   RW         8592    .data               nrf_log_backend_uart.o
    0x20002db4   COMPRESSED   0x00000008   Data   RW         8663    .data               nrf_log_default_backends.o
    0x20002dbc   COMPRESSED   0x00000008   Data   RW         8729    .data               nrf_log_frontend.o
    0x20002dc4   COMPRESSED   0x00000008   Data   RW         8730    .data               nrf_log_frontend.o
    0x20002dcc   COMPRESSED   0x00000040   Data   RW         8889    .data               nrf_log_str_formatter.o
    0x20002e0c   COMPRESSED   0x00000003   Data   RW         9316    .data               nrf_sdh.o
    0x20002e0f   COMPRESSED   0x00000001   Data   RW         9426    .data               nrf_sdh_ble.o
    0x20002e10   COMPRESSED   0x00000004   Data   RW         9691    .data               system_nrf52840.o
    0x20002e14   COMPRESSED   0x00000014   Data   RW         7120    fs_data             fds.o
    0x20002e28        -       0x00000020   Zero   RW           26    .bss                main.o
    0x20002e48        -       0x00000020   Zero   RW           27    .bss                main.o
    0x20002e68        -       0x00000020   Zero   RW           28    .bss                main.o
    0x20002e88        -       0x00000020   Zero   RW           29    .bss                main.o
    0x20002ea8        -       0x0000030c   Zero   RW           30    .bss                main.o
    0x200031b4        -       0x00000020   Zero   RW          631    .bss                bsp.o
    0x200031d4        -       0x00000020   Zero   RW          632    .bss                bsp.o
    0x200031f4        -       0x0000000c   Zero   RW          633    .bss                bsp.o
    0x20003200        -       0x00000020   Zero   RW          634    .bss                bsp.o
    0x20003220        -       0x00000020   Zero   RW          841    .bss                auth_status_tracker.o
    0x20003240        -       0x000000a0   Zero   RW          842    .bss                auth_status_tracker.o
    0x200032e0        -       0x00000050   Zero   RW         1116    .bss                ble_conn_params.o
    0x20003330        -       0x00000078   Zero   RW         1201    .bss                ble_conn_state.o
    0x200033a8        -       0x000000d8   Zero   RW         1685    .bss                id_manager.o
    0x20003480        -       0x0000119b   Zero   RW         1940    .bss                nrf_ble_lesc.o
    0x2000461b   COMPRESSED   0x00000001   PAD
    0x2000461c        -       0x00000180   Zero   RW         2512    .bss                peer_database.o
    0x2000479c        -       0x00000040   Zero   RW         2628    .bss                peer_id.o
    0x200047dc        -       0x0000000c   Zero   RW         2750    .bss                peer_manager.o
    0x200047e8        -       0x00000040   Zero   RW         3161    .bss                security_dispatcher.o
    0x20004828        -       0x000018c8   Zero   RW         4165    .bss                nrf_crypto_rng.o
    0x200060f0        -       0x00000014   Zero   RW         5270    .bss                nrf_drv_clock.o
    0x20006104        -       0x00000041   Zero   RW         5406    .bss                nrf_drv_rng.o
    0x20006145   COMPRESSED   0x00000003   PAD
    0x20006148        -       0x0000000c   Zero   RW         5407    .bss                nrf_drv_rng.o
    0x20006154        -       0x0000006c   Zero   RW         5857    .bss                nrfx_gpiote.o
    0x200061c0        -       0x0000002c   Zero   RW         6251    .bss                nrfx_uart.o
    0x200061ec        -       0x00000024   Zero   RW         6441    .bss                nrfx_uarte.o
    0x20006210        -       0x00000020   Zero   RW         6589    .bss                app_button.o
    0x20006230        -       0x0000010c   Zero   RW         6822    .bss                app_timer.o
    0x2000633c        -       0x0000000c   Zero   RW         6975    .bss                app_util_platform.o
    0x20006348        -       0x00000010   Zero   RW         7116    .bss                fds.o
    0x20006358        -       0x000000e0   Zero   RW         7117    .bss                fds.o
    0x20006438        -       0x00000010   Zero   RW         8006    .bss                nrf_fstorage_sd.o
    0x20006448        -       0x000000a0   Zero   RW         8007    .bss                nrf_fstorage_sd.o
    0x200064e8        -       0x0000000c   Zero   RW         8186    .bss                nrf_pwr_mgmt.o
    0x200064f4        -       0x00000040   Zero   RW         8589    .bss                nrf_log_backend_uart.o
    0x20006534        -       0x000000c0   Zero   RW         8723    .bss                nrf_log_frontend.o
    0x200065f4        -       0x00000080   Zero   RW         8724    .bss                nrf_log_frontend.o
    0x20006674        -       0x00000018   Zero   RW         8725    .bss                nrf_log_frontend.o
    0x2000668c        -       0x00000424   Zero   RW         8726    .bss                nrf_log_frontend.o
    0x20006ab0        -       0x00000004   Zero   RW        10038    .bss.m_irr_sem      nrf_cc310_0.9.12.lib(ssi_hal.c.obj)
    0x20006ab4   COMPRESSED   0x00000004   PAD
    0x20006ab8        -       0x00002000   Zero   RW         9679    STACK               arm_startup_nrf52840.o
    0x20008ab8        -       0x00000004   Zero   RW        10312    pSaSiGenVecMutex    anon$$obj.o
    0x20008abc        -       0x00000004   Zero   RW        10311    pSaSiRndCryptoMutex  anon$$obj.o
    0x20008ac0        -       0x00000004   Zero   RW        10314    sasiAsymCryptoMutex  anon$$obj.o
    0x20008ac4        -       0x00000004   Zero   RW        10315    sasiGenVecMutex     anon$$obj.o
    0x20008ac8        -       0x00000004   Zero   RW        10313    sasiSymCryptoMutex  anon$$obj.o

